15:23:22.846 [background-preinit] INFO  o.h.v.i.util.Version - [<clinit>,21] - HV000001: Hibernate Validator 6.2.5.Final
15:23:22.851 [main] INFO  c.r.RuoYiApplication - [logStarting,55] - Starting RuoYiApplication using Java 26 on poppis with PID 49292 (F:\wx\ruoyi-xm\ruoyi-vue-wxmini-main\ruoyi-admin\target\ruoyi-admin.jar started by 32616 in F:\wx\ruoyi-xm\ruoyi-vue-wxmini-main\ruoyi-admin\target)
15:23:22.852 [main] INFO  c.r.RuoYiApplication - [logStartupProfileInfo,686] - The following 1 profile is active: "druid"
15:23:25.393 [main] INFO  o.a.c.h.Http11NioProtocol - [log,173] - Initializing ProtocolHandler ["http-nio-8080"]
15:23:25.396 [main] INFO  o.a.c.c.StandardService - [log,173] - Starting service [Tomcat]
15:23:25.398 [main] INFO  o.a.c.c.StandardEngine - [log,173] - Starting Servlet engine: [Apache Tomcat/9.0.102]
15:23:25.471 [main] INFO  o.a.c.c.C.[.[.[/] - [log,173] - Initializing Spring embedded WebApplicationContext
15:23:26.680 [main] INFO  c.a.d.p.DruidDataSource - [init,1002] - {dataSource-1} inited
15:23:26.693 [Druid-ConnectionPool-Create-2138765681] INFO  c.a.d.p.DruidAbstractDataSource - [setFailContinuous,1900] - {dataSource-1} failContinuous is true
15:23:26.696 [main] INFO  o.a.c.c.StandardService - [log,173] - Stopping service [Tomcat]
16:08:34.152 [background-preinit] INFO  o.h.v.i.util.Version - [<clinit>,21] - HV000001: Hibernate Validator 6.2.5.Final
16:08:34.160 [main] INFO  c.r.RuoYiApplication - [logStarting,55] - Starting RuoYiApplication using Java 21.0.9 on poppis with PID 21380 (F:\wx\ruoyi-xm\ruoyi-vue-wxmini-main\ruoyi-admin\target\ruoyi-admin.jar started by 32616 in F:\wx\ruoyi-xm\ruoyi-vue-wxmini-main)
16:08:34.162 [main] INFO  c.r.RuoYiApplication - [logStartupProfileInfo,686] - The following 1 profile is active: "druid"
16:08:36.935 [main] INFO  o.a.c.h.Http11NioProtocol - [log,173] - Initializing ProtocolHandler ["http-nio-8080"]
16:08:36.939 [main] INFO  o.a.c.c.StandardService - [log,173] - Starting service [Tomcat]
16:08:36.939 [main] INFO  o.a.c.c.StandardEngine - [log,173] - Starting Servlet engine: [Apache Tomcat/9.0.102]
16:08:37.034 [main] INFO  o.a.c.c.C.[.[.[/] - [log,173] - Initializing Spring embedded WebApplicationContext
16:08:38.083 [main] INFO  o.a.c.c.StandardService - [log,173] - Stopping service [Tomcat]
16:10:34.509 [background-preinit] INFO  o.h.v.i.util.Version - [<clinit>,21] - HV000001: Hibernate Validator 6.2.5.Final
16:10:34.521 [main] INFO  c.r.RuoYiApplication - [logStarting,55] - Starting RuoYiApplication using Java 1.8.0_471 on poppis with PID 45504 (F:\wx\ruoyi-xm\ruoyi-vue-wxmini-main\ruoyi-admin\target\ruoyi-admin.jar started by 32616 in F:\wx\ruoyi-xm\ruoyi-vue-wxmini-main)
16:10:34.523 [main] INFO  c.r.RuoYiApplication - [logStartupProfileInfo,686] - The following 1 profile is active: "druid"
16:10:37.273 [main] INFO  o.a.c.h.Http11NioProtocol - [log,173] - Initializing ProtocolHandler ["http-nio-8080"]
16:10:37.276 [main] INFO  o.a.c.c.StandardService - [log,173] - Starting service [Tomcat]
16:10:37.276 [main] INFO  o.a.c.c.StandardEngine - [log,173] - Starting Servlet engine: [Apache Tomcat/9.0.102]
16:10:37.490 [main] INFO  o.a.c.c.C.[.[.[/] - [log,173] - Initializing Spring embedded WebApplicationContext
16:10:38.566 [main] INFO  c.a.d.p.DruidDataSource - [init,1002] - {dataSource-1} inited
16:10:42.585 [main] INFO  c.a.d.p.DruidDataSource - [close,2204] - {dataSource-1} closing ...
16:10:42.591 [main] INFO  c.a.d.p.DruidDataSource - [close,2277] - {dataSource-1} closed
16:10:42.713 [main] INFO  o.a.c.c.StandardService - [log,173] - Stopping service [Tomcat]
16:36:29.352 [background-preinit] INFO  o.h.v.i.util.Version - [<clinit>,21] - HV000001: Hibernate Validator 6.2.5.Final
16:36:29.354 [main] INFO  c.r.RuoYiApplication - [logStarting,55] - Starting RuoYiApplication using Java 1.8.0_471 on poppis with PID 27732 (F:\wx\ruoyi-xm\ruoyi-vue-wxmini-main\ruoyi-admin\target\ruoyi-admin.jar started by 32616 in F:\wx\ruoyi-xm\ruoyi-vue-wxmini-main)
16:36:29.355 [main] INFO  c.r.RuoYiApplication - [logStartupProfileInfo,686] - The following 1 profile is active: "druid"
16:36:31.978 [main] INFO  o.a.c.h.Http11NioProtocol - [log,173] - Initializing ProtocolHandler ["http-nio-8080"]
16:36:31.982 [main] INFO  o.a.c.c.StandardService - [log,173] - Starting service [Tomcat]
16:36:31.982 [main] INFO  o.a.c.c.StandardEngine - [log,173] - Starting Servlet engine: [Apache Tomcat/9.0.102]
16:36:32.182 [main] INFO  o.a.c.c.C.[.[.[/] - [log,173] - Initializing Spring embedded WebApplicationContext
16:36:33.537 [main] INFO  c.a.d.p.DruidDataSource - [init,1002] - {dataSource-1} inited
16:36:34.501 [main] INFO  c.a.d.p.DruidDataSource - [close,2204] - {dataSource-1} closing ...
16:36:34.512 [main] INFO  c.a.d.p.DruidDataSource - [close,2277] - {dataSource-1} closed
16:36:34.533 [main] INFO  o.a.c.c.StandardService - [log,173] - Stopping service [Tomcat]
16:37:12.770 [background-preinit] INFO  o.h.v.i.util.Version - [<clinit>,21] - HV000001: Hibernate Validator 6.2.5.Final
16:37:12.776 [main] INFO  c.r.RuoYiApplication - [logStarting,55] - Starting RuoYiApplication using Java 1.8.0_471 on poppis with PID 38340 (F:\wx\ruoyi-xm\ruoyi-vue-wxmini-main\ruoyi-admin\target\ruoyi-admin.jar started by 32616 in F:\wx\ruoyi-xm\ruoyi-vue-wxmini-main)
16:37:12.777 [main] INFO  c.r.RuoYiApplication - [logStartupProfileInfo,686] - The following 1 profile is active: "druid"
16:37:15.575 [main] INFO  o.a.c.h.Http11NioProtocol - [log,173] - Initializing ProtocolHandler ["http-nio-8080"]
16:37:15.578 [main] INFO  o.a.c.c.StandardService - [log,173] - Starting service [Tomcat]
16:37:15.579 [main] INFO  o.a.c.c.StandardEngine - [log,173] - Starting Servlet engine: [Apache Tomcat/9.0.102]
16:37:15.713 [main] INFO  o.a.c.c.C.[.[.[/] - [log,173] - Initializing Spring embedded WebApplicationContext
16:37:16.915 [main] INFO  c.a.d.p.DruidDataSource - [init,1002] - {dataSource-1} inited
16:37:17.979 [main] INFO  c.a.d.p.DruidDataSource - [close,2204] - {dataSource-1} closing ...
16:37:17.987 [main] INFO  c.a.d.p.DruidDataSource - [close,2277] - {dataSource-1} closed
16:37:18.006 [main] INFO  o.a.c.c.StandardService - [log,173] - Stopping service [Tomcat]
16:38:09.057 [background-preinit] INFO  o.h.v.i.util.Version - [<clinit>,21] - HV000001: Hibernate Validator 6.2.5.Final
16:38:09.059 [main] INFO  c.r.RuoYiApplication - [logStarting,55] - Starting RuoYiApplication using Java 1.8.0_471 on poppis with PID 39356 (F:\wx\ruoyi-xm\ruoyi-vue-wxmini-main\ruoyi-admin\target\ruoyi-admin.jar started by 32616 in F:\wx\ruoyi-xm\ruoyi-vue-wxmini-main)
16:38:09.060 [main] INFO  c.r.RuoYiApplication - [logStartupProfileInfo,686] - The following 1 profile is active: "druid"
16:38:11.865 [main] INFO  o.a.c.h.Http11NioProtocol - [log,173] - Initializing ProtocolHandler ["http-nio-8080"]
16:38:11.868 [main] INFO  o.a.c.c.StandardService - [log,173] - Starting service [Tomcat]
16:38:11.868 [main] INFO  o.a.c.c.StandardEngine - [log,173] - Starting Servlet engine: [Apache Tomcat/9.0.102]
16:38:11.988 [main] INFO  o.a.c.c.C.[.[.[/] - [log,173] - Initializing Spring embedded WebApplicationContext
16:38:13.165 [main] INFO  c.a.d.p.DruidDataSource - [init,1002] - {dataSource-1} inited
16:38:48.818 [main] INFO  o.q.i.StdSchedulerFactory - [instantiate,1220] - Using default implementation for ThreadExecutor
16:38:48.829 [main] INFO  o.q.c.SchedulerSignalerImpl - [<init>,61] - Initialized Scheduler Signaller of type: class org.quartz.core.SchedulerSignalerImpl
16:38:48.829 [main] INFO  o.q.c.QuartzScheduler - [<init>,229] - Quartz Scheduler v.2.3.2 created.
16:38:48.830 [main] INFO  o.q.s.RAMJobStore - [initialize,155] - RAMJobStore initialized.
16:38:48.831 [main] INFO  o.q.c.QuartzScheduler - [initialize,294] - Scheduler meta-data: Quartz Scheduler (v2.3.2) 'quartzScheduler' with instanceId 'NON_CLUSTERED'
  Scheduler class: 'org.quartz.core.QuartzScheduler' - running locally.
  NOT STARTED.
  Currently in standby mode.
  Number of jobs executed: 0
  Using thread pool 'org.quartz.simpl.SimpleThreadPool' - with 10 threads.
  Using job-store 'org.quartz.simpl.RAMJobStore' - which does not support persistence. and is not clustered.

16:38:48.831 [main] INFO  o.q.i.StdSchedulerFactory - [instantiate,1374] - Quartz scheduler 'quartzScheduler' initialized from an externally provided properties instance.
16:38:48.831 [main] INFO  o.q.i.StdSchedulerFactory - [instantiate,1378] - Quartz scheduler version: 2.3.2
16:38:48.831 [main] INFO  o.q.c.QuartzScheduler - [setJobFactory,2293] - JobFactory set to: org.springframework.scheduling.quartz.SpringBeanJobFactory@306f6f1d
16:38:50.984 [main] INFO  o.a.c.h.Http11NioProtocol - [log,173] - Starting ProtocolHandler ["http-nio-8080"]
16:38:51.323 [main] INFO  o.q.c.QuartzScheduler - [start,547] - Scheduler quartzScheduler_$_NON_CLUSTERED started.
16:38:51.340 [main] INFO  c.r.RuoYiApplication - [logStarted,61] - Started RuoYiApplication in 42.606 seconds (JVM running for 43.018)
16:39:19.299 [http-nio-8080-exec-1] INFO  o.a.c.c.C.[.[.[/] - [log,173] - Initializing Spring DispatcherServlet 'dispatcherServlet'
16:40:00.007 [schedule-pool-1] INFO  c.r.m.f.t.SettlementTransferTask - [processTimeoutTransfers,55] - ??????????????
16:40:00.007 [schedule-pool-2] INFO  c.r.m.f.t.SettlementTransferTask - [processWaitingTransfer,33] - T+1 ??????????
16:40:00.042 [schedule-pool-2] INFO  c.r.m.f.t.SettlementTransferTask - [processWaitingTransfer,47] - T+1 ??????????
16:40:00.085 [schedule-pool-1] INFO  c.r.m.f.t.SettlementTransferTask - [processTimeoutTransfers,61] - ??????????????
16:40:16.028 [schedule-pool-3] INFO  sys-user - [run,55] - [127.0.0.1]??IP[admin][Error][??????]
16:41:20.050 [background-preinit] INFO  o.h.v.i.util.Version - [<clinit>,21] - HV000001: Hibernate Validator 6.2.5.Final
16:41:20.054 [main] INFO  c.r.RuoYiApplication - [logStarting,55] - Starting RuoYiApplication using Java 1.8.0_471 on poppis with PID 16832 (F:\wx\ruoyi-xm\ruoyi-vue-wxmini-main\ruoyi-admin\target\ruoyi-admin.jar started by 32616 in F:\wx\ruoyi-xm\ruoyi-vue-wxmini-main)
16:41:20.056 [main] INFO  c.r.RuoYiApplication - [logStartupProfileInfo,686] - The following 1 profile is active: "druid"
16:41:22.722 [main] INFO  o.a.c.h.Http11NioProtocol - [log,173] - Initializing ProtocolHandler ["http-nio-8080"]
16:41:22.725 [main] INFO  o.a.c.c.StandardService - [log,173] - Starting service [Tomcat]
16:41:22.726 [main] INFO  o.a.c.c.StandardEngine - [log,173] - Starting Servlet engine: [Apache Tomcat/9.0.102]
16:41:22.846 [main] INFO  o.a.c.c.C.[.[.[/] - [log,173] - Initializing Spring embedded WebApplicationContext
16:41:24.183 [main] INFO  c.a.d.p.DruidDataSource - [init,1002] - {dataSource-1} inited
16:41:59.547 [main] INFO  o.q.i.StdSchedulerFactory - [instantiate,1220] - Using default implementation for ThreadExecutor
16:41:59.557 [main] INFO  o.q.c.SchedulerSignalerImpl - [<init>,61] - Initialized Scheduler Signaller of type: class org.quartz.core.SchedulerSignalerImpl
16:41:59.557 [main] INFO  o.q.c.QuartzScheduler - [<init>,229] - Quartz Scheduler v.2.3.2 created.
16:41:59.559 [main] INFO  o.q.s.RAMJobStore - [initialize,155] - RAMJobStore initialized.
16:41:59.560 [main] INFO  o.q.c.QuartzScheduler - [initialize,294] - Scheduler meta-data: Quartz Scheduler (v2.3.2) 'quartzScheduler' with instanceId 'NON_CLUSTERED'
  Scheduler class: 'org.quartz.core.QuartzScheduler' - running locally.
  NOT STARTED.
  Currently in standby mode.
  Number of jobs executed: 0
  Using thread pool 'org.quartz.simpl.SimpleThreadPool' - with 10 threads.
  Using job-store 'org.quartz.simpl.RAMJobStore' - which does not support persistence. and is not clustered.

16:41:59.560 [main] INFO  o.q.i.StdSchedulerFactory - [instantiate,1374] - Quartz scheduler 'quartzScheduler' initialized from an externally provided properties instance.
16:41:59.561 [main] INFO  o.q.i.StdSchedulerFactory - [instantiate,1378] - Quartz scheduler version: 2.3.2
16:41:59.561 [main] INFO  o.q.c.QuartzScheduler - [setJobFactory,2293] - JobFactory set to: org.springframework.scheduling.quartz.SpringBeanJobFactory@1b495d4
16:42:01.692 [main] INFO  o.a.c.h.Http11NioProtocol - [log,173] - Starting ProtocolHandler ["http-nio-8080"]
16:42:02.004 [main] INFO  o.q.c.QuartzScheduler - [start,547] - Scheduler quartzScheduler_$_NON_CLUSTERED started.
16:42:02.017 [main] INFO  c.r.RuoYiApplication - [logStarted,61] - Started RuoYiApplication in 42.292 seconds (JVM running for 42.724)
16:42:34.544 [http-nio-8080-exec-4] INFO  o.a.c.c.C.[.[.[/] - [log,173] - Initializing Spring DispatcherServlet 'dispatcherServlet'
16:42:42.951 [schedule-pool-1] INFO  sys-user - [run,55] - [127.0.0.1]??IP[admin][Error][
### Error querying database.  Cause: java.sql.SQLSyntaxErrorException: Unknown column 'u.account_type' in 'field list'
### The error may exist in URL [jar:file:/F:/wx/ruoyi-xm/ruoyi-vue-wxmini-main/ruoyi-admin/target/ruoyi-admin.jar!/BOOT-INF/lib/ruoyi-system-3.8.9.jar!/mapper/system/SysUserMapper.xml]
### The error may involve com.ruoyi.system.mapper.SysUserMapper.selectUserByUserName-Inline
### The error occurred while setting parameters
### SQL: select u.user_id, u.dept_id, u.user_name, u.nick_name, u.email, u.avatar, u.phonenumber, u.password, u.sex, u.status, u.del_flag, u.login_ip, u.login_date, u.create_by, u.create_time, u.remark, u.account_type, u.distributor_id, u.merchant_id,          d.dept_id, d.parent_id, d.ancestors, d.dept_name, d.order_num, d.leader, d.status as dept_status,         r.role_id, r.role_name, r.role_key, r.role_sort, r.data_scope, r.status as role_status         from sys_user u       left join sys_dept d on u.dept_id = d.dept_id       left join sys_user_role ur on u.user_id = ur.user_id       left join sys_role r on r.role_id = ur.role_id         where u.user_name = ? and u.del_flag = '0'
### Cause: java.sql.SQLSyntaxErrorException: Unknown column 'u.account_type' in 'field list'
; bad SQL grammar []; nested exception is java.sql.SQLSyntaxErrorException: Unknown column 'u.account_type' in 'field list']
16:43:54.698 [schedule-pool-3] INFO  sys-user - [run,55] - [127.0.0.1]??IP[admin][Success][????]
16:45:00.001 [schedule-pool-2] INFO  c.r.m.f.t.SettlementTransferTask - [processWaitingTransfer,33] - T+1 ??????????
16:45:00.013 [schedule-pool-2] INFO  c.r.m.f.t.SettlementTransferTask - [processWaitingTransfer,47] - T+1 ??????????
16:50:40.100 [background-preinit] INFO  o.h.v.i.util.Version - [<clinit>,21] - HV000001: Hibernate Validator 6.2.5.Final
16:50:40.110 [main] INFO  c.r.RuoYiApplication - [logStarting,55] - Starting RuoYiApplication using Java 1.8.0_471 on poppis with PID 46548 (F:\wx\ruoyi-xm\ruoyi-vue-wxmini-main\ruoyi-admin\target\ruoyi-admin.jar started by 32616 in F:\wx\ruoyi-xm\ruoyi-vue-wxmini-main)
16:50:40.111 [main] INFO  c.r.RuoYiApplication - [logStartupProfileInfo,686] - The following 1 profile is active: "druid"
16:50:42.911 [main] INFO  o.a.c.h.Http11NioProtocol - [log,173] - Initializing ProtocolHandler ["http-nio-8080"]
16:50:42.914 [main] INFO  o.a.c.c.StandardService - [log,173] - Starting service [Tomcat]
16:50:42.914 [main] INFO  o.a.c.c.StandardEngine - [log,173] - Starting Servlet engine: [Apache Tomcat/9.0.102]
16:50:43.064 [main] INFO  o.a.c.c.C.[.[.[/] - [log,173] - Initializing Spring embedded WebApplicationContext
16:50:44.311 [main] INFO  c.a.d.p.DruidDataSource - [init,1002] - {dataSource-1} inited
16:51:19.846 [main] INFO  o.q.i.StdSchedulerFactory - [instantiate,1220] - Using default implementation for ThreadExecutor
16:51:19.860 [main] INFO  o.q.c.SchedulerSignalerImpl - [<init>,61] - Initialized Scheduler Signaller of type: class org.quartz.core.SchedulerSignalerImpl
16:51:19.861 [main] INFO  o.q.c.QuartzScheduler - [<init>,229] - Quartz Scheduler v.2.3.2 created.
16:51:19.861 [main] INFO  o.q.s.RAMJobStore - [initialize,155] - RAMJobStore initialized.
16:51:19.862 [main] INFO  o.q.c.QuartzScheduler - [initialize,294] - Scheduler meta-data: Quartz Scheduler (v2.3.2) 'quartzScheduler' with instanceId 'NON_CLUSTERED'
  Scheduler class: 'org.quartz.core.QuartzScheduler' - running locally.
  NOT STARTED.
  Currently in standby mode.
  Number of jobs executed: 0
  Using thread pool 'org.quartz.simpl.SimpleThreadPool' - with 10 threads.
  Using job-store 'org.quartz.simpl.RAMJobStore' - which does not support persistence. and is not clustered.

16:51:19.863 [main] INFO  o.q.i.StdSchedulerFactory - [instantiate,1374] - Quartz scheduler 'quartzScheduler' initialized from an externally provided properties instance.
16:51:19.863 [main] INFO  o.q.i.StdSchedulerFactory - [instantiate,1378] - Quartz scheduler version: 2.3.2
16:51:19.863 [main] INFO  o.q.c.QuartzScheduler - [setJobFactory,2293] - JobFactory set to: org.springframework.scheduling.quartz.SpringBeanJobFactory@2cde651b
16:51:22.115 [main] INFO  o.a.c.h.Http11NioProtocol - [log,173] - Starting ProtocolHandler ["http-nio-8080"]
16:51:22.440 [main] INFO  o.q.c.QuartzScheduler - [start,547] - Scheduler quartzScheduler_$_NON_CLUSTERED started.
16:51:22.453 [main] INFO  c.r.RuoYiApplication - [logStarted,61] - Started RuoYiApplication in 42.68 seconds (JVM running for 43.142)
16:52:01.180 [http-nio-8080-exec-1] INFO  o.a.c.c.C.[.[.[/] - [log,173] - Initializing Spring DispatcherServlet 'dispatcherServlet'
16:52:13.734 [schedule-pool-1] INFO  sys-user - [run,55] - [127.0.0.1]??IP[admin][Success][????]
16:54:48.371 [background-preinit] INFO  o.h.v.i.util.Version - [<clinit>,21] - HV000001: Hibernate Validator 6.2.5.Final
16:54:48.377 [main] INFO  c.r.RuoYiApplication - [logStarting,55] - Starting RuoYiApplication using Java 1.8.0_471 on poppis with PID 45020 (F:\wx\ruoyi-xm\ruoyi-vue-wxmini-main\ruoyi-admin\target\ruoyi-admin.jar started by 32616 in F:\wx\ruoyi-xm\ruoyi-vue-wxmini-main)
16:54:48.377 [main] INFO  c.r.RuoYiApplication - [logStartupProfileInfo,686] - The following 1 profile is active: "druid"
16:54:51.461 [main] INFO  o.a.c.h.Http11NioProtocol - [log,173] - Initializing ProtocolHandler ["http-nio-8080"]
16:54:51.464 [main] INFO  o.a.c.c.StandardService - [log,173] - Starting service [Tomcat]
16:54:51.465 [main] INFO  o.a.c.c.StandardEngine - [log,173] - Starting Servlet engine: [Apache Tomcat/9.0.102]
16:54:51.584 [main] INFO  o.a.c.c.C.[.[.[/] - [log,173] - Initializing Spring embedded WebApplicationContext
16:54:52.698 [main] INFO  c.a.d.p.DruidDataSource - [init,1002] - {dataSource-1} inited
16:55:28.180 [main] INFO  o.q.i.StdSchedulerFactory - [instantiate,1220] - Using default implementation for ThreadExecutor
16:55:28.193 [main] INFO  o.q.c.SchedulerSignalerImpl - [<init>,61] - Initialized Scheduler Signaller of type: class org.quartz.core.SchedulerSignalerImpl
16:55:28.193 [main] INFO  o.q.c.QuartzScheduler - [<init>,229] - Quartz Scheduler v.2.3.2 created.
16:55:28.195 [main] INFO  o.q.s.RAMJobStore - [initialize,155] - RAMJobStore initialized.
16:55:28.196 [main] INFO  o.q.c.QuartzScheduler - [initialize,294] - Scheduler meta-data: Quartz Scheduler (v2.3.2) 'quartzScheduler' with instanceId 'NON_CLUSTERED'
  Scheduler class: 'org.quartz.core.QuartzScheduler' - running locally.
  NOT STARTED.
  Currently in standby mode.
  Number of jobs executed: 0
  Using thread pool 'org.quartz.simpl.SimpleThreadPool' - with 10 threads.
  Using job-store 'org.quartz.simpl.RAMJobStore' - which does not support persistence. and is not clustered.

16:55:28.196 [main] INFO  o.q.i.StdSchedulerFactory - [instantiate,1374] - Quartz scheduler 'quartzScheduler' initialized from an externally provided properties instance.
16:55:28.196 [main] INFO  o.q.i.StdSchedulerFactory - [instantiate,1378] - Quartz scheduler version: 2.3.2
16:55:28.196 [main] INFO  o.q.c.QuartzScheduler - [setJobFactory,2293] - JobFactory set to: org.springframework.scheduling.quartz.SpringBeanJobFactory@1b495d4
16:55:30.530 [main] INFO  o.a.c.h.Http11NioProtocol - [log,173] - Starting ProtocolHandler ["http-nio-8080"]
16:55:30.872 [main] INFO  o.q.c.QuartzScheduler - [start,547] - Scheduler quartzScheduler_$_NON_CLUSTERED started.
16:55:30.889 [main] INFO  c.r.RuoYiApplication - [logStarted,61] - Started RuoYiApplication in 42.886 seconds (JVM running for 43.404)
16:56:25.808 [http-nio-8080-exec-1] INFO  o.a.c.c.C.[.[.[/] - [log,173] - Initializing Spring DispatcherServlet 'dispatcherServlet'
16:56:38.452 [schedule-pool-1] INFO  sys-user - [run,55] - [127.0.0.1]??IP[admin][Success][????]
17:00:00.011 [schedule-pool-2] INFO  c.r.m.f.t.SettlementTransferTask - [processWaitingTransfer,33] - T+1 ??????????
17:00:00.011 [schedule-pool-3] INFO  c.r.m.f.t.SettlementTransferTask - [processTimeoutTransfers,55] - ??????????????
17:00:00.022 [schedule-pool-2] INFO  c.r.m.f.t.SettlementTransferTask - [processWaitingTransfer,47] - T+1 ??????????
17:00:00.037 [schedule-pool-3] INFO  c.r.m.f.t.SettlementTransferTask - [processTimeoutTransfers,61] - ??????????????
17:05:00.003 [schedule-pool-1] INFO  c.r.m.f.t.SettlementTransferTask - [processWaitingTransfer,33] - T+1 ??????????
17:05:00.007 [schedule-pool-1] INFO  c.r.m.f.t.SettlementTransferTask - [processWaitingTransfer,47] - T+1 ??????????
17:10:00.006 [schedule-pool-2] INFO  c.r.m.f.t.SettlementTransferTask - [processTimeoutTransfers,55] - ??????????????
17:10:00.006 [schedule-pool-4] INFO  c.r.m.f.t.SettlementTransferTask - [processWaitingTransfer,33] - T+1 ??????????
17:10:00.011 [schedule-pool-4] INFO  c.r.m.f.t.SettlementTransferTask - [processWaitingTransfer,47] - T+1 ??????????
17:10:00.011 [schedule-pool-2] INFO  c.r.m.f.t.SettlementTransferTask - [processTimeoutTransfers,61] - ??????????????
17:11:01.884 [schedule-pool-5] INFO  sys-user - [run,55] - [127.0.0.1]??IP[admin][Success][????]
17:15:00.004 [schedule-pool-3] INFO  c.r.m.f.t.SettlementTransferTask - [processWaitingTransfer,33] - T+1 ??????????
17:15:00.009 [schedule-pool-3] INFO  c.r.m.f.t.SettlementTransferTask - [processWaitingTransfer,47] - T+1 ??????????
17:20:00.015 [schedule-pool-1] INFO  c.r.m.f.t.SettlementTransferTask - [processTimeoutTransfers,55] - ??????????????
17:20:00.015 [schedule-pool-6] INFO  c.r.m.f.t.SettlementTransferTask - [processWaitingTransfer,33] - T+1 ??????????
17:20:00.019 [schedule-pool-6] INFO  c.r.m.f.t.SettlementTransferTask - [processWaitingTransfer,47] - T+1 ??????????
17:20:00.020 [schedule-pool-1] INFO  c.r.m.f.t.SettlementTransferTask - [processTimeoutTransfers,61] - ??????????????
17:22:06.261 [schedule-pool-7] INFO  sys-user - [run,55] - [127.0.0.1]??IP[admin][Success][????]
17:25:00.008 [schedule-pool-4] INFO  c.r.m.f.t.SettlementTransferTask - [processWaitingTransfer,33] - T+1 ??????????
17:25:00.012 [schedule-pool-4] INFO  c.r.m.f.t.SettlementTransferTask - [processWaitingTransfer,47] - T+1 ??????????
17:30:00.009 [schedule-pool-2] INFO  c.r.m.f.t.SettlementTransferTask - [processTimeoutTransfers,55] - ??????????????
17:30:00.009 [schedule-pool-8] INFO  c.r.m.f.t.SettlementTransferTask - [processWaitingTransfer,33] - T+1 ??????????
17:30:00.013 [schedule-pool-8] INFO  c.r.m.f.t.SettlementTransferTask - [processWaitingTransfer,47] - T+1 ??????????
17:30:00.014 [schedule-pool-2] INFO  c.r.m.f.t.SettlementTransferTask - [processTimeoutTransfers,61] - ??????????????
17:35:00.011 [schedule-pool-9] INFO  c.r.m.f.t.SettlementTransferTask - [processWaitingTransfer,33] - T+1 ??????????
17:35:00.016 [schedule-pool-9] INFO  c.r.m.f.t.SettlementTransferTask - [processWaitingTransfer,47] - T+1 ??????????
17:40:00.013 [schedule-pool-3] INFO  c.r.m.f.t.SettlementTransferTask - [processWaitingTransfer,33] - T+1 ??????????
17:40:00.013 [schedule-pool-10] INFO  c.r.m.f.t.SettlementTransferTask - [processTimeoutTransfers,55] - ??????????????
17:40:00.017 [schedule-pool-3] INFO  c.r.m.f.t.SettlementTransferTask - [processWaitingTransfer,47] - T+1 ??????????
17:40:00.017 [schedule-pool-10] INFO  c.r.m.f.t.SettlementTransferTask - [processTimeoutTransfers,61] - ??????????????
17:45:00.014 [schedule-pool-6] INFO  c.r.m.f.t.SettlementTransferTask - [processWaitingTransfer,33] - T+1 ??????????
17:45:00.017 [schedule-pool-6] INFO  c.r.m.f.t.SettlementTransferTask - [processWaitingTransfer,47] - T+1 ??????????
17:50:00.005 [schedule-pool-1] INFO  c.r.m.f.t.SettlementTransferTask - [processWaitingTransfer,33] - T+1 ??????????
17:50:00.005 [schedule-pool-11] INFO  c.r.m.f.t.SettlementTransferTask - [processTimeoutTransfers,55] - ??????????????
17:50:00.008 [schedule-pool-1] INFO  c.r.m.f.t.SettlementTransferTask - [processWaitingTransfer,47] - T+1 ??????????
17:50:00.009 [schedule-pool-11] INFO  c.r.m.f.t.SettlementTransferTask - [processTimeoutTransfers,61] - ??????????????
17:55:00.010 [schedule-pool-12] INFO  c.r.m.f.t.SettlementTransferTask - [processWaitingTransfer,33] - T+1 ??????????
17:55:00.015 [schedule-pool-12] INFO  c.r.m.f.t.SettlementTransferTask - [processWaitingTransfer,47] - T+1 ??????????
18:00:00.015 [schedule-pool-4] INFO  c.r.m.f.t.SettlementTransferTask - [processTimeoutTransfers,55] - ??????????????
18:00:00.015 [schedule-pool-7] INFO  c.r.m.f.t.SettlementTransferTask - [processWaitingTransfer,33] - T+1 ??????????
18:00:00.020 [schedule-pool-7] INFO  c.r.m.f.t.SettlementTransferTask - [processWaitingTransfer,47] - T+1 ??????????
18:00:00.021 [schedule-pool-4] INFO  c.r.m.f.t.SettlementTransferTask - [processTimeoutTransfers,61] - ??????????????
18:05:00.011 [schedule-pool-7] INFO  c.r.m.f.t.SettlementTransferTask - [processWaitingTransfer,33] - T+1 ??????????
18:05:00.016 [schedule-pool-7] INFO  c.r.m.f.t.SettlementTransferTask - [processWaitingTransfer,47] - T+1 ??????????
18:07:06.407 [schedule-pool-15] INFO  sys-user - [run,55] - [127.0.0.1]??IP[admin][Success][????]
18:10:00.001 [schedule-pool-2] INFO  c.r.m.f.t.SettlementTransferTask - [processTimeoutTransfers,55] - ??????????????
18:10:00.001 [schedule-pool-16] INFO  c.r.m.f.t.SettlementTransferTask - [processWaitingTransfer,33] - T+1 ??????????
18:10:00.004 [schedule-pool-16] INFO  c.r.m.f.t.SettlementTransferTask - [processWaitingTransfer,47] - T+1 ??????????
18:10:00.004 [schedule-pool-2] INFO  c.r.m.f.t.SettlementTransferTask - [processTimeoutTransfers,61] - ??????????????
18:15:00.007 [schedule-pool-9] INFO  c.r.m.f.t.SettlementTransferTask - [processWaitingTransfer,33] - T+1 ??????????
18:15:00.012 [schedule-pool-9] INFO  c.r.m.f.t.SettlementTransferTask - [processWaitingTransfer,47] - T+1 ??????????
18:20:00.013 [schedule-pool-17] INFO  c.r.m.f.t.SettlementTransferTask - [processWaitingTransfer,33] - T+1 ??????????
18:20:00.013 [schedule-pool-5] INFO  c.r.m.f.t.SettlementTransferTask - [processTimeoutTransfers,55] - ??????????????
18:20:00.020 [schedule-pool-17] INFO  c.r.m.f.t.SettlementTransferTask - [processWaitingTransfer,47] - T+1 ??????????
18:20:00.021 [schedule-pool-5] INFO  c.r.m.f.t.SettlementTransferTask - [processTimeoutTransfers,61] - ??????????????
18:25:00.010 [schedule-pool-3] INFO  c.r.m.f.t.SettlementTransferTask - [processWaitingTransfer,33] - T+1 ??????????
18:25:00.015 [schedule-pool-3] INFO  c.r.m.f.t.SettlementTransferTask - [processWaitingTransfer,47] - T+1 ??????????
18:30:00.013 [schedule-pool-18] INFO  c.r.m.f.t.SettlementTransferTask - [processTimeoutTransfers,55] - ??????????????
18:30:00.013 [schedule-pool-10] INFO  c.r.m.f.t.SettlementTransferTask - [processWaitingTransfer,33] - T+1 ??????????
18:30:00.018 [schedule-pool-10] INFO  c.r.m.f.t.SettlementTransferTask - [processWaitingTransfer,47] - T+1 ??????????
18:30:00.018 [schedule-pool-18] INFO  c.r.m.f.t.SettlementTransferTask - [processTimeoutTransfers,61] - ??????????????
18:31:34.580 [restartedMain] INFO  c.r.RuoYiApplication - [logStarting,55] - Starting RuoYiApplication using Java 1.8.0_462 on poppis with PID 48628 (F:\wx\ruoyi-xm\ruoyi-vue-wxmini-main\ruoyi-admin\target\classes started by 32616 in F:\wx\ruoyi-xm)
18:31:34.581 [background-preinit] INFO  o.h.v.i.util.Version - [<clinit>,21] - HV000001: Hibernate Validator 6.2.5.Final
18:31:34.582 [restartedMain] INFO  c.r.RuoYiApplication - [logStartupProfileInfo,686] - The following 1 profile is active: "druid"
18:31:36.750 [restartedMain] INFO  o.a.c.h.Http11NioProtocol - [log,173] - Initializing ProtocolHandler ["http-nio-8080"]
18:31:36.751 [restartedMain] INFO  o.a.c.c.StandardService - [log,173] - Starting service [Tomcat]
18:31:36.751 [restartedMain] INFO  o.a.c.c.StandardEngine - [log,173] - Starting Servlet engine: [Apache Tomcat/9.0.102]
18:31:36.833 [restartedMain] INFO  o.a.c.c.C.[.[.[/] - [log,173] - Initializing Spring embedded WebApplicationContext
18:31:37.632 [restartedMain] INFO  c.a.d.p.DruidDataSource - [init,1002] - {dataSource-1} inited
18:32:12.528 [restartedMain] INFO  o.q.i.StdSchedulerFactory - [instantiate,1220] - Using default implementation for ThreadExecutor
18:32:12.536 [restartedMain] INFO  o.q.c.SchedulerSignalerImpl - [<init>,61] - Initialized Scheduler Signaller of type: class org.quartz.core.SchedulerSignalerImpl
18:32:12.536 [restartedMain] INFO  o.q.c.QuartzScheduler - [<init>,229] - Quartz Scheduler v.2.3.2 created.
18:32:12.537 [restartedMain] INFO  o.q.s.RAMJobStore - [initialize,155] - RAMJobStore initialized.
18:32:12.537 [restartedMain] INFO  o.q.c.QuartzScheduler - [initialize,294] - Scheduler meta-data: Quartz Scheduler (v2.3.2) 'quartzScheduler' with instanceId 'NON_CLUSTERED'
  Scheduler class: 'org.quartz.core.QuartzScheduler' - running locally.
  NOT STARTED.
  Currently in standby mode.
  Number of jobs executed: 0
  Using thread pool 'org.quartz.simpl.SimpleThreadPool' - with 10 threads.
  Using job-store 'org.quartz.simpl.RAMJobStore' - which does not support persistence. and is not clustered.

18:32:12.538 [restartedMain] INFO  o.q.i.StdSchedulerFactory - [instantiate,1374] - Quartz scheduler 'quartzScheduler' initialized from an externally provided properties instance.
18:32:12.538 [restartedMain] INFO  o.q.i.StdSchedulerFactory - [instantiate,1378] - Quartz scheduler version: 2.3.2
18:32:12.538 [restartedMain] INFO  o.q.c.QuartzScheduler - [setJobFactory,2293] - JobFactory set to: org.springframework.scheduling.quartz.SpringBeanJobFactory@4188873e
18:32:15.030 [restartedMain] INFO  o.a.c.h.Http11NioProtocol - [log,173] - Starting ProtocolHandler ["http-nio-8080"]
18:32:15.036 [restartedMain] INFO  o.q.c.QuartzScheduler - [shutdown,666] - Scheduler quartzScheduler_$_NON_CLUSTERED shutting down.
18:32:15.036 [restartedMain] INFO  o.q.c.QuartzScheduler - [standby,585] - Scheduler quartzScheduler_$_NON_CLUSTERED paused.
18:32:15.036 [restartedMain] INFO  o.q.c.QuartzScheduler - [shutdown,740] - Scheduler quartzScheduler_$_NON_CLUSTERED shutdown complete.
18:32:15.036 [restartedMain] INFO  sys-user - [shutdownAsyncManager,31] - ====关闭后台任务任务线程池====
18:32:15.039 [restartedMain] INFO  c.a.d.p.DruidDataSource - [close,2204] - {dataSource-1} closing ...
18:32:15.043 [restartedMain] INFO  c.a.d.p.DruidDataSource - [close,2277] - {dataSource-1} closed
18:32:15.057 [restartedMain] INFO  o.a.c.h.Http11NioProtocol - [log,173] - Pausing ProtocolHandler ["http-nio-8080"]
18:32:15.057 [restartedMain] INFO  o.a.c.c.StandardService - [log,173] - Stopping service [Tomcat]
18:32:15.060 [restartedMain] INFO  o.a.c.h.Http11NioProtocol - [log,173] - Stopping ProtocolHandler ["http-nio-8080"]
18:32:15.060 [restartedMain] INFO  o.a.c.h.Http11NioProtocol - [log,173] - Destroying ProtocolHandler ["http-nio-8080"]
18:35:00.008 [schedule-pool-19] INFO  c.r.m.f.t.SettlementTransferTask - [processWaitingTransfer,33] - T+1 ??????????
18:35:00.014 [schedule-pool-19] INFO  c.r.m.f.t.SettlementTransferTask - [processWaitingTransfer,47] - T+1 ??????????
18:40:00.010 [schedule-pool-6] INFO  c.r.m.f.t.SettlementTransferTask - [processTimeoutTransfers,55] - ??????????????
18:40:00.010 [schedule-pool-20] INFO  c.r.m.f.t.SettlementTransferTask - [processWaitingTransfer,33] - T+1 ??????????
18:40:00.015 [schedule-pool-20] INFO  c.r.m.f.t.SettlementTransferTask - [processWaitingTransfer,47] - T+1 ??????????
18:40:00.015 [schedule-pool-6] INFO  c.r.m.f.t.SettlementTransferTask - [processTimeoutTransfers,61] - ??????????????
18:45:00.009 [schedule-pool-20] INFO  c.r.m.f.t.SettlementTransferTask - [processWaitingTransfer,33] - T+1 ??????????
18:45:00.013 [schedule-pool-20] INFO  c.r.m.f.t.SettlementTransferTask - [processWaitingTransfer,47] - T+1 ??????????
18:50:00.008 [schedule-pool-21] INFO  c.r.m.f.t.SettlementTransferTask - [processTimeoutTransfers,55] - ??????????????
18:50:00.008 [schedule-pool-11] INFO  c.r.m.f.t.SettlementTransferTask - [processWaitingTransfer,33] - T+1 ??????????
18:50:00.016 [schedule-pool-11] INFO  c.r.m.f.t.SettlementTransferTask - [processWaitingTransfer,47] - T+1 ??????????
18:50:00.016 [schedule-pool-21] INFO  c.r.m.f.t.SettlementTransferTask - [processTimeoutTransfers,61] - ??????????????
18:55:00.015 [schedule-pool-22] INFO  c.r.m.f.t.SettlementTransferTask - [processWaitingTransfer,33] - T+1 ??????????
18:55:00.021 [schedule-pool-22] INFO  c.r.m.f.t.SettlementTransferTask - [processWaitingTransfer,47] - T+1 ??????????
19:00:00.011 [schedule-pool-12] INFO  c.r.m.f.t.SettlementTransferTask - [processTimeoutTransfers,55] - ??????????????
19:00:00.011 [schedule-pool-23] INFO  c.r.m.f.t.SettlementTransferTask - [processWaitingTransfer,33] - T+1 ??????????
19:00:00.015 [schedule-pool-23] INFO  c.r.m.f.t.SettlementTransferTask - [processWaitingTransfer,47] - T+1 ??????????
19:00:00.015 [schedule-pool-12] INFO  c.r.m.f.t.SettlementTransferTask - [processTimeoutTransfers,61] - ??????????????
19:05:00.007 [schedule-pool-13] INFO  c.r.m.f.t.SettlementTransferTask - [processWaitingTransfer,33] - T+1 ??????????
19:05:00.011 [schedule-pool-13] INFO  c.r.m.f.t.SettlementTransferTask - [processWaitingTransfer,47] - T+1 ??????????
19:10:00.011 [schedule-pool-24] INFO  c.r.m.f.t.SettlementTransferTask - [processTimeoutTransfers,55] - ??????????????
19:10:00.011 [schedule-pool-14] INFO  c.r.m.f.t.SettlementTransferTask - [processWaitingTransfer,33] - T+1 ??????????
19:10:00.016 [schedule-pool-14] INFO  c.r.m.f.t.SettlementTransferTask - [processWaitingTransfer,47] - T+1 ??????????
19:10:00.017 [schedule-pool-24] INFO  c.r.m.f.t.SettlementTransferTask - [processTimeoutTransfers,61] - ??????????????
19:15:00.005 [schedule-pool-14] INFO  c.r.m.f.t.SettlementTransferTask - [processWaitingTransfer,33] - T+1 ??????????
19:15:00.009 [schedule-pool-14] INFO  c.r.m.f.t.SettlementTransferTask - [processWaitingTransfer,47] - T+1 ??????????
19:20:00.008 [schedule-pool-7] INFO  c.r.m.f.t.SettlementTransferTask - [processWaitingTransfer,33] - T+1 ??????????
19:20:00.008 [schedule-pool-25] INFO  c.r.m.f.t.SettlementTransferTask - [processTimeoutTransfers,55] - ??????????????
19:20:00.013 [schedule-pool-7] INFO  c.r.m.f.t.SettlementTransferTask - [processWaitingTransfer,47] - T+1 ??????????
19:20:00.014 [schedule-pool-25] INFO  c.r.m.f.t.SettlementTransferTask - [processTimeoutTransfers,61] - ??????????????
19:25:00.014 [schedule-pool-26] INFO  c.r.m.f.t.SettlementTransferTask - [processWaitingTransfer,33] - T+1 ??????????
19:25:00.019 [schedule-pool-26] INFO  c.r.m.f.t.SettlementTransferTask - [processWaitingTransfer,47] - T+1 ??????????
19:30:00.006 [schedule-pool-15] INFO  c.r.m.f.t.SettlementTransferTask - [processWaitingTransfer,33] - T+1 ??????????
19:30:00.008 [schedule-pool-27] INFO  c.r.m.f.t.SettlementTransferTask - [processTimeoutTransfers,55] - ??????????????
19:30:00.011 [schedule-pool-15] INFO  c.r.m.f.t.SettlementTransferTask - [processWaitingTransfer,47] - T+1 ??????????
19:30:00.019 [schedule-pool-27] INFO  c.r.m.f.t.SettlementTransferTask - [processTimeoutTransfers,61] - ??????????????
19:35:00.005 [schedule-pool-15] INFO  c.r.m.f.t.SettlementTransferTask - [processWaitingTransfer,33] - T+1 ??????????
19:35:00.008 [schedule-pool-15] INFO  c.r.m.f.t.SettlementTransferTask - [processWaitingTransfer,47] - T+1 ??????????
19:40:00.013 [schedule-pool-28] INFO  c.r.m.f.t.SettlementTransferTask - [processWaitingTransfer,33] - T+1 ??????????
19:40:00.013 [schedule-pool-16] INFO  c.r.m.f.t.SettlementTransferTask - [processTimeoutTransfers,55] - ??????????????
19:40:00.016 [schedule-pool-28] INFO  c.r.m.f.t.SettlementTransferTask - [processWaitingTransfer,47] - T+1 ??????????
19:40:00.017 [schedule-pool-16] INFO  c.r.m.f.t.SettlementTransferTask - [processTimeoutTransfers,61] - ??????????????
19:41:58.690 [restartedMain] INFO  c.r.RuoYiApplication - [logStarting,55] - Starting RuoYiApplication using Java 1.8.0_462 on poppis with PID 32536 (F:\wx\ruoyi-xm\ruoyi-vue-wxmini-main\ruoyi-admin\target\classes started by 32616 in F:\wx\ruoyi-xm)
19:41:58.692 [restartedMain] INFO  c.r.RuoYiApplication - [logStartupProfileInfo,686] - The following 1 profile is active: "druid"
19:41:58.694 [background-preinit] INFO  o.h.v.i.util.Version - [<clinit>,21] - HV000001: Hibernate Validator 6.2.5.Final
19:42:00.363 [restartedMain] INFO  o.a.c.h.Http11NioProtocol - [log,173] - Initializing ProtocolHandler ["http-nio-8080"]
19:42:00.364 [restartedMain] INFO  o.a.c.c.StandardService - [log,173] - Starting service [Tomcat]
19:42:00.364 [restartedMain] INFO  o.a.c.c.StandardEngine - [log,173] - Starting Servlet engine: [Apache Tomcat/9.0.102]
19:42:00.438 [restartedMain] INFO  o.a.c.c.C.[.[.[/] - [log,173] - Initializing Spring embedded WebApplicationContext
19:42:01.055 [restartedMain] INFO  c.a.d.p.DruidDataSource - [init,1002] - {dataSource-1} inited
19:42:35.509 [restartedMain] INFO  o.q.i.StdSchedulerFactory - [instantiate,1220] - Using default implementation for ThreadExecutor
19:42:35.517 [restartedMain] INFO  o.q.c.SchedulerSignalerImpl - [<init>,61] - Initialized Scheduler Signaller of type: class org.quartz.core.SchedulerSignalerImpl
19:42:35.517 [restartedMain] INFO  o.q.c.QuartzScheduler - [<init>,229] - Quartz Scheduler v.2.3.2 created.
19:42:35.518 [restartedMain] INFO  o.q.s.RAMJobStore - [initialize,155] - RAMJobStore initialized.
19:42:35.518 [restartedMain] INFO  o.q.c.QuartzScheduler - [initialize,294] - Scheduler meta-data: Quartz Scheduler (v2.3.2) 'quartzScheduler' with instanceId 'NON_CLUSTERED'
  Scheduler class: 'org.quartz.core.QuartzScheduler' - running locally.
  NOT STARTED.
  Currently in standby mode.
  Number of jobs executed: 0
  Using thread pool 'org.quartz.simpl.SimpleThreadPool' - with 10 threads.
  Using job-store 'org.quartz.simpl.RAMJobStore' - which does not support persistence. and is not clustered.

19:42:35.518 [restartedMain] INFO  o.q.i.StdSchedulerFactory - [instantiate,1374] - Quartz scheduler 'quartzScheduler' initialized from an externally provided properties instance.
19:42:35.518 [restartedMain] INFO  o.q.i.StdSchedulerFactory - [instantiate,1378] - Quartz scheduler version: 2.3.2
19:42:35.518 [restartedMain] INFO  o.q.c.QuartzScheduler - [setJobFactory,2293] - JobFactory set to: org.springframework.scheduling.quartz.SpringBeanJobFactory@67260cff
19:42:37.296 [restartedMain] INFO  o.a.c.h.Http11NioProtocol - [log,173] - Starting ProtocolHandler ["http-nio-8080"]
19:42:37.471 [restartedMain] INFO  o.q.c.QuartzScheduler - [start,547] - Scheduler quartzScheduler_$_NON_CLUSTERED started.
19:42:37.483 [restartedMain] INFO  c.r.RuoYiApplication - [logStarted,61] - Started RuoYiApplication in 39.04 seconds (JVM running for 40.217)
19:44:28.379 [SpringApplicationShutdownHook] INFO  o.q.c.QuartzScheduler - [standby,585] - Scheduler quartzScheduler_$_NON_CLUSTERED paused.
19:44:29.522 [SpringApplicationShutdownHook] INFO  o.q.c.QuartzScheduler - [shutdown,666] - Scheduler quartzScheduler_$_NON_CLUSTERED shutting down.
19:44:29.522 [SpringApplicationShutdownHook] INFO  o.q.c.QuartzScheduler - [standby,585] - Scheduler quartzScheduler_$_NON_CLUSTERED paused.
19:44:29.523 [SpringApplicationShutdownHook] INFO  o.q.c.QuartzScheduler - [shutdown,740] - Scheduler quartzScheduler_$_NON_CLUSTERED shutdown complete.
19:44:29.523 [SpringApplicationShutdownHook] INFO  sys-user - [shutdownAsyncManager,31] - ====关闭后台任务任务线程池====
19:44:29.526 [SpringApplicationShutdownHook] INFO  c.a.d.p.DruidDataSource - [close,2204] - {dataSource-1} closing ...
19:44:29.532 [SpringApplicationShutdownHook] INFO  c.a.d.p.DruidDataSource - [close,2277] - {dataSource-1} closed
22:41:55.229 [restartedMain] INFO  c.r.RuoYiApplication - [logStarting,55] - Starting RuoYiApplication using Java 1.8.0_462 on poppis with PID 25300 (F:\wx\ruoyi-xm\ruoyi-vue-wxmini-main\ruoyi-admin\target\classes started by 32616 in F:\wx\ruoyi-xm)
22:41:55.229 [background-preinit] INFO  o.h.v.i.util.Version - [<clinit>,21] - HV000001: Hibernate Validator 6.2.5.Final
22:41:55.235 [restartedMain] INFO  c.r.RuoYiApplication - [logStartupProfileInfo,686] - The following 1 profile is active: "druid"
22:41:57.998 [restartedMain] INFO  o.a.c.h.Http11NioProtocol - [log,173] - Initializing ProtocolHandler ["http-nio-8080"]
22:41:58.000 [restartedMain] INFO  o.a.c.c.StandardService - [log,173] - Starting service [Tomcat]
22:41:58.001 [restartedMain] INFO  o.a.c.c.StandardEngine - [log,173] - Starting Servlet engine: [Apache Tomcat/9.0.102]
22:41:58.113 [restartedMain] INFO  o.a.c.c.C.[.[.[/] - [log,173] - Initializing Spring embedded WebApplicationContext
22:41:59.263 [restartedMain] INFO  c.a.d.p.DruidDataSource - [init,1002] - {dataSource-1} inited
22:44:43.429 [restartedMain] INFO  o.q.i.StdSchedulerFactory - [instantiate,1220] - Using default implementation for ThreadExecutor
22:44:43.437 [restartedMain] INFO  o.q.c.SchedulerSignalerImpl - [<init>,61] - Initialized Scheduler Signaller of type: class org.quartz.core.SchedulerSignalerImpl
22:44:43.437 [restartedMain] INFO  o.q.c.QuartzScheduler - [<init>,229] - Quartz Scheduler v.2.3.2 created.
22:44:43.437 [restartedMain] INFO  o.q.s.RAMJobStore - [initialize,155] - RAMJobStore initialized.
22:44:43.437 [restartedMain] INFO  o.q.c.QuartzScheduler - [initialize,294] - Scheduler meta-data: Quartz Scheduler (v2.3.2) 'quartzScheduler' with instanceId 'NON_CLUSTERED'
  Scheduler class: 'org.quartz.core.QuartzScheduler' - running locally.
  NOT STARTED.
  Currently in standby mode.
  Number of jobs executed: 0
  Using thread pool 'org.quartz.simpl.SimpleThreadPool' - with 10 threads.
  Using job-store 'org.quartz.simpl.RAMJobStore' - which does not support persistence. and is not clustered.

22:44:43.437 [restartedMain] INFO  o.q.i.StdSchedulerFactory - [instantiate,1374] - Quartz scheduler 'quartzScheduler' initialized from an externally provided properties instance.
22:44:43.437 [restartedMain] INFO  o.q.i.StdSchedulerFactory - [instantiate,1378] - Quartz scheduler version: 2.3.2
22:44:43.439 [restartedMain] INFO  o.q.c.QuartzScheduler - [setJobFactory,2293] - JobFactory set to: org.springframework.scheduling.quartz.SpringBeanJobFactory@3ebbdcc2
22:44:45.308 [restartedMain] INFO  o.a.c.h.Http11NioProtocol - [log,173] - Starting ProtocolHandler ["http-nio-8080"]
22:44:45.314 [restartedMain] INFO  o.q.c.QuartzScheduler - [shutdown,666] - Scheduler quartzScheduler_$_NON_CLUSTERED shutting down.
22:44:45.315 [restartedMain] INFO  o.q.c.QuartzScheduler - [standby,585] - Scheduler quartzScheduler_$_NON_CLUSTERED paused.
22:44:45.315 [restartedMain] INFO  o.q.c.QuartzScheduler - [shutdown,740] - Scheduler quartzScheduler_$_NON_CLUSTERED shutdown complete.
22:44:45.315 [restartedMain] INFO  sys-user - [shutdownAsyncManager,31] - ====关闭后台任务任务线程池====
22:44:45.318 [restartedMain] INFO  c.a.d.p.DruidDataSource - [close,2204] - {dataSource-1} closing ...
22:44:45.323 [restartedMain] INFO  c.a.d.p.DruidDataSource - [close,2277] - {dataSource-1} closed
22:44:45.340 [restartedMain] INFO  o.a.c.h.Http11NioProtocol - [log,173] - Pausing ProtocolHandler ["http-nio-8080"]
22:44:45.340 [restartedMain] INFO  o.a.c.c.StandardService - [log,173] - Stopping service [Tomcat]
22:44:45.343 [restartedMain] INFO  o.a.c.h.Http11NioProtocol - [log,173] - Stopping ProtocolHandler ["http-nio-8080"]
22:44:45.344 [restartedMain] INFO  o.a.c.h.Http11NioProtocol - [log,173] - Destroying ProtocolHandler ["http-nio-8080"]
