00:08:35.608 [background-preinit] INFO  o.h.v.i.util.Version - [<clinit>,21] - HV000001: Hibernate Validator 6.2.5.Final
00:08:35.611 [main] INFO  c.r.RuoYiApplication - [logStarting,55] - Starting RuoYiApplication using Java 1.8.0_471 on poppis with PID 54532 (F:\wx\ruoyi-xm\ruoyi-vue-wxmini-main\ruoyi-admin\target\ruoyi-admin.jar started by 32616 in F:\wx\ruoyi-xm\ruoyi-vue-wxmini-main)
00:08:35.616 [main] INFO  c.r.RuoYiApplication - [logStartupProfileInfo,686] - The following 1 profile is active: "druid"
00:08:38.420 [main] INFO  o.a.c.h.Http11NioProtocol - [log,173] - Initializing ProtocolHandler ["http-nio-8081"]
00:08:38.422 [main] INFO  o.a.c.c.StandardService - [log,173] - Starting service [Tomcat]
00:08:38.423 [main] INFO  o.a.c.c.StandardEngine - [log,173] - Starting Servlet engine: [Apache Tomcat/9.0.102]
00:08:38.638 [main] INFO  o.a.c.c.C.[.[.[/] - [log,173] - Initializing Spring embedded WebApplicationContext
00:08:39.883 [main] INFO  c.a.d.p.DruidDataSource - [init,1002] - {dataSource-1} inited
00:08:40.711 [main] INFO  c.r.c.c.r.RedisCache - [logLocalDisabledMode,470] - Redis ????????????????
00:08:41.396 [main] INFO  o.q.i.StdSchedulerFactory - [instantiate,1220] - Using default implementation for ThreadExecutor
00:08:41.409 [main] INFO  o.q.c.SchedulerSignalerImpl - [<init>,61] - Initialized Scheduler Signaller of type: class org.quartz.core.SchedulerSignalerImpl
00:08:41.410 [main] INFO  o.q.c.QuartzScheduler - [<init>,229] - Quartz Scheduler v.2.3.2 created.
00:08:41.412 [main] INFO  o.q.s.RAMJobStore - [initialize,155] - RAMJobStore initialized.
00:08:41.412 [main] INFO  o.q.c.QuartzScheduler - [initialize,294] - Scheduler meta-data: Quartz Scheduler (v2.3.2) 'quartzScheduler' with instanceId 'NON_CLUSTERED'
  Scheduler class: 'org.quartz.core.QuartzScheduler' - running locally.
  NOT STARTED.
  Currently in standby mode.
  Number of jobs executed: 0
  Using thread pool 'org.quartz.simpl.SimpleThreadPool' - with 10 threads.
  Using job-store 'org.quartz.simpl.RAMJobStore' - which does not support persistence. and is not clustered.

00:08:41.412 [main] INFO  o.q.i.StdSchedulerFactory - [instantiate,1374] - Quartz scheduler 'quartzScheduler' initialized from an externally provided properties instance.
00:08:41.413 [main] INFO  o.q.i.StdSchedulerFactory - [instantiate,1378] - Quartz scheduler version: 2.3.2
00:08:41.413 [main] INFO  o.q.c.QuartzScheduler - [setJobFactory,2293] - JobFactory set to: org.springframework.scheduling.quartz.SpringBeanJobFactory@66273da0
00:08:43.609 [main] INFO  o.a.c.h.Http11NioProtocol - [log,173] - Starting ProtocolHandler ["http-nio-8081"]
00:08:43.931 [main] INFO  o.q.c.QuartzScheduler - [start,547] - Scheduler quartzScheduler_$_NON_CLUSTERED started.
00:08:43.943 [main] INFO  c.r.RuoYiApplication - [logStarted,61] - Started RuoYiApplication in 8.702 seconds (JVM running for 9.201)
14:26:10.218 [background-preinit] INFO  o.h.v.i.util.Version - [<clinit>,21] - HV000001: Hibernate Validator 6.2.5.Final
14:26:10.218 [restartedMain] INFO  c.r.RuoYiApplication - [logStarting,55] - Starting RuoYiApplication using Java 1.8.0_462 on poppis with PID 14288 (F:\wx\ruoyi-xm\ruoyi-vue-wxmini-main\ruoyi-admin\target\classes started by 32616 in F:\wx\ruoyi-xm)
14:26:10.219 [restartedMain] INFO  c.r.RuoYiApplication - [logStartupProfileInfo,686] - The following 1 profile is active: "druid"
14:26:12.407 [restartedMain] INFO  o.a.c.h.Http11NioProtocol - [log,173] - Initializing ProtocolHandler ["http-nio-8080"]
14:26:12.408 [restartedMain] INFO  o.a.c.c.StandardService - [log,173] - Starting service [Tomcat]
14:26:12.408 [restartedMain] INFO  o.a.c.c.StandardEngine - [log,173] - Starting Servlet engine: [Apache Tomcat/9.0.102]
14:26:12.491 [restartedMain] INFO  o.a.c.c.C.[.[.[/] - [log,173] - Initializing Spring embedded WebApplicationContext
14:26:13.295 [restartedMain] INFO  c.a.d.p.DruidDataSource - [init,1002] - {dataSource-1} inited
14:26:14.054 [restartedMain] INFO  c.r.c.c.r.RedisCache - [logLocalDisabledMode,470] - Redis 已禁用，当前使用本地内存缓存模式
14:26:14.840 [restartedMain] INFO  o.q.i.StdSchedulerFactory - [instantiate,1220] - Using default implementation for ThreadExecutor
14:26:14.851 [restartedMain] INFO  o.q.c.SchedulerSignalerImpl - [<init>,61] - Initialized Scheduler Signaller of type: class org.quartz.core.SchedulerSignalerImpl
14:26:14.851 [restartedMain] INFO  o.q.c.QuartzScheduler - [<init>,229] - Quartz Scheduler v.2.3.2 created.
14:26:14.852 [restartedMain] INFO  o.q.s.RAMJobStore - [initialize,155] - RAMJobStore initialized.
14:26:14.852 [restartedMain] INFO  o.q.c.QuartzScheduler - [initialize,294] - Scheduler meta-data: Quartz Scheduler (v2.3.2) 'quartzScheduler' with instanceId 'NON_CLUSTERED'
  Scheduler class: 'org.quartz.core.QuartzScheduler' - running locally.
  NOT STARTED.
  Currently in standby mode.
  Number of jobs executed: 0
  Using thread pool 'org.quartz.simpl.SimpleThreadPool' - with 10 threads.
  Using job-store 'org.quartz.simpl.RAMJobStore' - which does not support persistence. and is not clustered.

14:26:14.852 [restartedMain] INFO  o.q.i.StdSchedulerFactory - [instantiate,1374] - Quartz scheduler 'quartzScheduler' initialized from an externally provided properties instance.
14:26:14.852 [restartedMain] INFO  o.q.i.StdSchedulerFactory - [instantiate,1378] - Quartz scheduler version: 2.3.2
14:26:14.852 [restartedMain] INFO  o.q.c.QuartzScheduler - [setJobFactory,2293] - JobFactory set to: org.springframework.scheduling.quartz.SpringBeanJobFactory@5c2a7f40
14:26:17.244 [restartedMain] INFO  o.a.c.h.Http11NioProtocol - [log,173] - Starting ProtocolHandler ["http-nio-8080"]
14:26:17.446 [restartedMain] INFO  o.q.c.QuartzScheduler - [start,547] - Scheduler quartzScheduler_$_NON_CLUSTERED started.
14:26:17.459 [restartedMain] INFO  c.r.RuoYiApplication - [logStarted,61] - Started RuoYiApplication in 7.578 seconds (JVM running for 8.996)
14:30:00.017 [schedule-pool-2] INFO  c.r.m.f.t.SettlementTransferTask - [processTimeoutTransfers,55] - 超时转账状态同步任务开始执行
14:30:00.017 [schedule-pool-1] INFO  c.r.m.f.t.SettlementTransferTask - [processWaitingTransfer,33] - T+1 自动打款任务开始执行
14:30:00.095 [schedule-pool-1] INFO  c.r.m.f.t.SettlementTransferTask - [processWaitingTransfer,47] - T+1 自动打款任务执行完成
14:30:00.098 [schedule-pool-2] INFO  c.r.m.f.t.SettlementTransferTask - [processTimeoutTransfers,61] - 超时转账状态同步任务执行完成
14:35:00.007 [schedule-pool-3] INFO  c.r.m.f.t.SettlementTransferTask - [processWaitingTransfer,33] - T+1 自动打款任务开始执行
14:35:00.014 [schedule-pool-3] INFO  c.r.m.f.t.SettlementTransferTask - [processWaitingTransfer,47] - T+1 自动打款任务执行完成
14:40:00.000 [schedule-pool-2] INFO  c.r.m.f.t.SettlementTransferTask - [processWaitingTransfer,33] - T+1 自动打款任务开始执行
14:40:00.015 [schedule-pool-4] INFO  c.r.m.f.t.SettlementTransferTask - [processTimeoutTransfers,55] - 超时转账状态同步任务开始执行
14:40:00.035 [schedule-pool-2] INFO  c.r.m.f.t.SettlementTransferTask - [processWaitingTransfer,47] - T+1 自动打款任务执行完成
14:40:00.050 [schedule-pool-4] INFO  c.r.m.f.t.SettlementTransferTask - [processTimeoutTransfers,61] - 超时转账状态同步任务执行完成
14:40:14.810 [http-nio-8080-exec-2] INFO  o.a.c.c.C.[.[.[/] - [log,173] - Initializing Spring DispatcherServlet 'dispatcherServlet'
14:42:09.159 [schedule-pool-5] INFO  sys-user - [run,55] - [127.0.0.1]内网IP[admin][Success][登录成功]
14:45:00.014 [schedule-pool-1] INFO  c.r.m.f.t.SettlementTransferTask - [processWaitingTransfer,33] - T+1 自动打款任务开始执行
14:45:00.020 [schedule-pool-1] INFO  c.r.m.f.t.SettlementTransferTask - [processWaitingTransfer,47] - T+1 自动打款任务执行完成
14:50:00.009 [schedule-pool-2] INFO  c.r.m.f.t.SettlementTransferTask - [processWaitingTransfer,33] - T+1 自动打款任务开始执行
14:50:00.009 [schedule-pool-3] INFO  c.r.m.f.t.SettlementTransferTask - [processTimeoutTransfers,55] - 超时转账状态同步任务开始执行
14:50:00.013 [schedule-pool-2] INFO  c.r.m.f.t.SettlementTransferTask - [processWaitingTransfer,47] - T+1 自动打款任务执行完成
14:50:00.016 [schedule-pool-3] INFO  c.r.m.f.t.SettlementTransferTask - [processTimeoutTransfers,61] - 超时转账状态同步任务执行完成
14:55:00.014 [schedule-pool-6] INFO  c.r.m.f.t.SettlementTransferTask - [processWaitingTransfer,33] - T+1 自动打款任务开始执行
14:55:00.022 [schedule-pool-6] INFO  c.r.m.f.t.SettlementTransferTask - [processWaitingTransfer,47] - T+1 自动打款任务执行完成
15:00:00.006 [schedule-pool-4] INFO  c.r.m.f.t.SettlementTransferTask - [processTimeoutTransfers,55] - 超时转账状态同步任务开始执行
15:00:00.006 [schedule-pool-7] INFO  c.r.m.f.t.SettlementTransferTask - [processWaitingTransfer,33] - T+1 自动打款任务开始执行
15:00:00.011 [schedule-pool-7] INFO  c.r.m.f.t.SettlementTransferTask - [processWaitingTransfer,47] - T+1 自动打款任务执行完成
15:00:00.011 [schedule-pool-4] INFO  c.r.m.f.t.SettlementTransferTask - [processTimeoutTransfers,61] - 超时转账状态同步任务执行完成
15:05:00.010 [schedule-pool-8] INFO  c.r.m.f.t.SettlementTransferTask - [processWaitingTransfer,33] - T+1 自动打款任务开始执行
15:05:00.015 [schedule-pool-8] INFO  c.r.m.f.t.SettlementTransferTask - [processWaitingTransfer,47] - T+1 自动打款任务执行完成
15:10:00.012 [schedule-pool-1] INFO  c.r.m.f.t.SettlementTransferTask - [processTimeoutTransfers,55] - 超时转账状态同步任务开始执行
15:10:00.012 [schedule-pool-5] INFO  c.r.m.f.t.SettlementTransferTask - [processWaitingTransfer,33] - T+1 自动打款任务开始执行
15:10:00.017 [schedule-pool-5] INFO  c.r.m.f.t.SettlementTransferTask - [processWaitingTransfer,47] - T+1 自动打款任务执行完成
15:10:00.018 [schedule-pool-1] INFO  c.r.m.f.t.SettlementTransferTask - [processTimeoutTransfers,61] - 超时转账状态同步任务执行完成
15:15:00.002 [schedule-pool-9] INFO  c.r.m.f.t.SettlementTransferTask - [processWaitingTransfer,33] - T+1 自动打款任务开始执行
15:15:00.007 [schedule-pool-9] INFO  c.r.m.f.t.SettlementTransferTask - [processWaitingTransfer,47] - T+1 自动打款任务执行完成
15:20:00.007 [schedule-pool-10] INFO  c.r.m.f.t.SettlementTransferTask - [processTimeoutTransfers,55] - 超时转账状态同步任务开始执行
15:20:00.008 [schedule-pool-2] INFO  c.r.m.f.t.SettlementTransferTask - [processWaitingTransfer,33] - T+1 自动打款任务开始执行
15:20:00.014 [schedule-pool-2] INFO  c.r.m.f.t.SettlementTransferTask - [processWaitingTransfer,47] - T+1 自动打款任务执行完成
15:20:00.014 [schedule-pool-10] INFO  c.r.m.f.t.SettlementTransferTask - [processTimeoutTransfers,61] - 超时转账状态同步任务执行完成
15:25:00.000 [schedule-pool-3] INFO  c.r.m.f.t.SettlementTransferTask - [processWaitingTransfer,33] - T+1 自动打款任务开始执行
15:25:00.005 [schedule-pool-3] INFO  c.r.m.f.t.SettlementTransferTask - [processWaitingTransfer,47] - T+1 自动打款任务执行完成
15:30:00.007 [schedule-pool-11] INFO  c.r.m.f.t.SettlementTransferTask - [processTimeoutTransfers,55] - 超时转账状态同步任务开始执行
15:30:00.007 [schedule-pool-6] INFO  c.r.m.f.t.SettlementTransferTask - [processWaitingTransfer,33] - T+1 自动打款任务开始执行
15:30:00.012 [schedule-pool-6] INFO  c.r.m.f.t.SettlementTransferTask - [processWaitingTransfer,47] - T+1 自动打款任务执行完成
15:30:00.013 [schedule-pool-11] INFO  c.r.m.f.t.SettlementTransferTask - [processTimeoutTransfers,61] - 超时转账状态同步任务执行完成
15:35:00.010 [schedule-pool-6] INFO  c.r.m.f.t.SettlementTransferTask - [processWaitingTransfer,33] - T+1 自动打款任务开始执行
15:35:00.014 [schedule-pool-6] INFO  c.r.m.f.t.SettlementTransferTask - [processWaitingTransfer,47] - T+1 自动打款任务执行完成
15:40:00.003 [schedule-pool-4] INFO  c.r.m.f.t.SettlementTransferTask - [processTimeoutTransfers,55] - 超时转账状态同步任务开始执行
15:40:00.003 [schedule-pool-13] INFO  c.r.m.f.t.SettlementTransferTask - [processWaitingTransfer,33] - T+1 自动打款任务开始执行
15:40:00.006 [schedule-pool-13] INFO  c.r.m.f.t.SettlementTransferTask - [processWaitingTransfer,47] - T+1 自动打款任务执行完成
15:40:00.007 [schedule-pool-4] INFO  c.r.m.f.t.SettlementTransferTask - [processTimeoutTransfers,61] - 超时转账状态同步任务执行完成
15:45:00.015 [schedule-pool-13] INFO  c.r.m.f.t.SettlementTransferTask - [processWaitingTransfer,33] - T+1 自动打款任务开始执行
15:45:00.018 [schedule-pool-13] INFO  c.r.m.f.t.SettlementTransferTask - [processWaitingTransfer,47] - T+1 自动打款任务执行完成
15:50:00.010 [schedule-pool-8] INFO  c.r.m.f.t.SettlementTransferTask - [processWaitingTransfer,33] - T+1 自动打款任务开始执行
15:50:00.010 [schedule-pool-15] INFO  c.r.m.f.t.SettlementTransferTask - [processTimeoutTransfers,55] - 超时转账状态同步任务开始执行
15:50:00.017 [schedule-pool-8] INFO  c.r.m.f.t.SettlementTransferTask - [processWaitingTransfer,47] - T+1 自动打款任务执行完成
15:50:00.019 [schedule-pool-15] INFO  c.r.m.f.t.SettlementTransferTask - [processTimeoutTransfers,61] - 超时转账状态同步任务执行完成
15:55:00.011 [schedule-pool-8] INFO  c.r.m.f.t.SettlementTransferTask - [processWaitingTransfer,33] - T+1 自动打款任务开始执行
15:55:00.016 [schedule-pool-8] INFO  c.r.m.f.t.SettlementTransferTask - [processWaitingTransfer,47] - T+1 自动打款任务执行完成
16:00:00.005 [schedule-pool-16] INFO  c.r.m.f.t.SettlementTransferTask - [processWaitingTransfer,33] - T+1 自动打款任务开始执行
16:00:00.005 [schedule-pool-1] INFO  c.r.m.f.t.SettlementTransferTask - [processTimeoutTransfers,55] - 超时转账状态同步任务开始执行
16:00:00.012 [schedule-pool-16] INFO  c.r.m.f.t.SettlementTransferTask - [processWaitingTransfer,47] - T+1 自动打款任务执行完成
16:00:00.012 [schedule-pool-1] INFO  c.r.m.f.t.SettlementTransferTask - [processTimeoutTransfers,61] - 超时转账状态同步任务执行完成
16:05:00.001 [schedule-pool-16] INFO  c.r.m.f.t.SettlementTransferTask - [processWaitingTransfer,33] - T+1 自动打款任务开始执行
16:05:00.005 [schedule-pool-16] INFO  c.r.m.f.t.SettlementTransferTask - [processWaitingTransfer,47] - T+1 自动打款任务执行完成
16:10:00.016 [schedule-pool-16] INFO  c.r.m.f.t.SettlementTransferTask - [processWaitingTransfer,33] - T+1 自动打款任务开始执行
16:10:00.016 [schedule-pool-9] INFO  c.r.m.f.t.SettlementTransferTask - [processTimeoutTransfers,55] - 超时转账状态同步任务开始执行
16:10:00.018 [schedule-pool-16] INFO  c.r.m.f.t.SettlementTransferTask - [processWaitingTransfer,47] - T+1 自动打款任务执行完成
16:10:00.021 [schedule-pool-9] INFO  c.r.m.f.t.SettlementTransferTask - [processTimeoutTransfers,61] - 超时转账状态同步任务执行完成
16:15:00.009 [schedule-pool-16] INFO  c.r.m.f.t.SettlementTransferTask - [processWaitingTransfer,33] - T+1 自动打款任务开始执行
16:15:00.013 [schedule-pool-16] INFO  c.r.m.f.t.SettlementTransferTask - [processWaitingTransfer,47] - T+1 自动打款任务执行完成
16:19:01.824 [Thread-5] INFO  o.q.c.QuartzScheduler - [standby,585] - Scheduler quartzScheduler_$_NON_CLUSTERED paused.
16:19:03.592 [Thread-5] INFO  o.q.c.QuartzScheduler - [shutdown,666] - Scheduler quartzScheduler_$_NON_CLUSTERED shutting down.
16:19:03.592 [Thread-5] INFO  o.q.c.QuartzScheduler - [standby,585] - Scheduler quartzScheduler_$_NON_CLUSTERED paused.
16:19:03.593 [Thread-5] INFO  o.q.c.QuartzScheduler - [shutdown,740] - Scheduler quartzScheduler_$_NON_CLUSTERED shutdown complete.
16:19:03.594 [Thread-5] INFO  sys-user - [shutdownAsyncManager,31] - ====关闭后台任务任务线程池====
16:19:03.602 [Thread-5] INFO  c.a.d.p.DruidDataSource - [close,2204] - {dataSource-1} closing ...
16:19:03.610 [Thread-5] INFO  c.a.d.p.DruidDataSource - [close,2277] - {dataSource-1} closed
16:19:04.414 [restartedMain] INFO  c.r.RuoYiApplication - [logStarting,55] - Starting RuoYiApplication using Java 1.8.0_462 on poppis with PID 14288 (F:\wx\ruoyi-xm\ruoyi-vue-wxmini-main\ruoyi-admin\target\classes started by 32616 in F:\wx\ruoyi-xm)
16:19:04.415 [restartedMain] INFO  c.r.RuoYiApplication - [logStartupProfileInfo,686] - The following 1 profile is active: "druid"
16:19:05.893 [restartedMain] INFO  o.a.c.h.Http11NioProtocol - [log,173] - Initializing ProtocolHandler ["http-nio-8080"]
16:19:05.893 [restartedMain] INFO  o.a.c.c.StandardService - [log,173] - Starting service [Tomcat]
16:19:05.893 [restartedMain] INFO  o.a.c.c.StandardEngine - [log,173] - Starting Servlet engine: [Apache Tomcat/9.0.102]
16:19:05.915 [restartedMain] INFO  o.a.c.c.C.[.[.[/] - [log,173] - Initializing Spring embedded WebApplicationContext
16:19:06.395 [restartedMain] INFO  c.a.d.p.DruidDataSource - [init,1002] - {dataSource-2} inited
16:19:06.792 [restartedMain] INFO  c.r.c.c.r.RedisCache - [logLocalDisabledMode,470] - Redis 已禁用，当前使用本地内存缓存模式
16:19:07.320 [restartedMain] INFO  o.q.i.StdSchedulerFactory - [instantiate,1220] - Using default implementation for ThreadExecutor
16:19:07.321 [restartedMain] INFO  o.q.c.SchedulerSignalerImpl - [<init>,61] - Initialized Scheduler Signaller of type: class org.quartz.core.SchedulerSignalerImpl
16:19:07.321 [restartedMain] INFO  o.q.c.QuartzScheduler - [<init>,229] - Quartz Scheduler v.2.3.2 created.
16:19:07.322 [restartedMain] INFO  o.q.s.RAMJobStore - [initialize,155] - RAMJobStore initialized.
16:19:07.322 [restartedMain] INFO  o.q.c.QuartzScheduler - [initialize,294] - Scheduler meta-data: Quartz Scheduler (v2.3.2) 'quartzScheduler' with instanceId 'NON_CLUSTERED'
  Scheduler class: 'org.quartz.core.QuartzScheduler' - running locally.
  NOT STARTED.
  Currently in standby mode.
  Number of jobs executed: 0
  Using thread pool 'org.quartz.simpl.SimpleThreadPool' - with 10 threads.
  Using job-store 'org.quartz.simpl.RAMJobStore' - which does not support persistence. and is not clustered.

16:19:07.322 [restartedMain] INFO  o.q.i.StdSchedulerFactory - [instantiate,1374] - Quartz scheduler 'quartzScheduler' initialized from an externally provided properties instance.
16:19:07.322 [restartedMain] INFO  o.q.i.StdSchedulerFactory - [instantiate,1378] - Quartz scheduler version: 2.3.2
16:19:07.322 [restartedMain] INFO  o.q.c.QuartzScheduler - [setJobFactory,2293] - JobFactory set to: org.springframework.scheduling.quartz.SpringBeanJobFactory@2dd3337d
16:19:08.976 [restartedMain] INFO  o.a.c.h.Http11NioProtocol - [log,173] - Starting ProtocolHandler ["http-nio-8080"]
16:19:09.083 [restartedMain] INFO  o.q.c.QuartzScheduler - [start,547] - Scheduler quartzScheduler_$_NON_CLUSTERED started.
16:19:09.088 [restartedMain] INFO  c.r.RuoYiApplication - [logStarted,61] - Started RuoYiApplication in 4.741 seconds (JVM running for 6780.626)
16:19:17.769 [Thread-8] INFO  o.q.c.QuartzScheduler - [standby,585] - Scheduler quartzScheduler_$_NON_CLUSTERED paused.
16:19:19.322 [Thread-8] INFO  o.q.c.QuartzScheduler - [shutdown,666] - Scheduler quartzScheduler_$_NON_CLUSTERED shutting down.
16:19:19.322 [Thread-8] INFO  o.q.c.QuartzScheduler - [standby,585] - Scheduler quartzScheduler_$_NON_CLUSTERED paused.
16:19:19.322 [Thread-8] INFO  o.q.c.QuartzScheduler - [shutdown,740] - Scheduler quartzScheduler_$_NON_CLUSTERED shutdown complete.
16:19:19.322 [Thread-8] INFO  sys-user - [shutdownAsyncManager,31] - ====关闭后台任务任务线程池====
16:19:19.325 [Thread-8] INFO  c.a.d.p.DruidDataSource - [close,2204] - {dataSource-2} closing ...
16:19:19.327 [Thread-8] INFO  c.a.d.p.DruidDataSource - [close,2277] - {dataSource-2} closed
16:19:19.847 [restartedMain] INFO  c.r.RuoYiApplication - [logStarting,55] - Starting RuoYiApplication using Java 1.8.0_462 on poppis with PID 14288 (F:\wx\ruoyi-xm\ruoyi-vue-wxmini-main\ruoyi-admin\target\classes started by 32616 in F:\wx\ruoyi-xm)
16:19:19.848 [restartedMain] INFO  c.r.RuoYiApplication - [logStartupProfileInfo,686] - The following 1 profile is active: "druid"
16:19:21.041 [restartedMain] INFO  o.a.c.h.Http11NioProtocol - [log,173] - Initializing ProtocolHandler ["http-nio-8080"]
16:19:21.041 [restartedMain] INFO  o.a.c.c.StandardService - [log,173] - Starting service [Tomcat]
16:19:21.041 [restartedMain] INFO  o.a.c.c.StandardEngine - [log,173] - Starting Servlet engine: [Apache Tomcat/9.0.102]
16:19:21.058 [restartedMain] INFO  o.a.c.c.C.[.[.[/] - [log,173] - Initializing Spring embedded WebApplicationContext
16:19:21.436 [restartedMain] INFO  c.a.d.p.DruidDataSource - [init,1002] - {dataSource-3} inited
16:19:21.825 [restartedMain] INFO  c.r.c.c.r.RedisCache - [logLocalDisabledMode,470] - Redis 已禁用，当前使用本地内存缓存模式
16:19:22.304 [restartedMain] INFO  o.q.i.StdSchedulerFactory - [instantiate,1220] - Using default implementation for ThreadExecutor
16:19:22.305 [restartedMain] INFO  o.q.c.SchedulerSignalerImpl - [<init>,61] - Initialized Scheduler Signaller of type: class org.quartz.core.SchedulerSignalerImpl
16:19:22.305 [restartedMain] INFO  o.q.c.QuartzScheduler - [<init>,229] - Quartz Scheduler v.2.3.2 created.
16:19:22.305 [restartedMain] INFO  o.q.s.RAMJobStore - [initialize,155] - RAMJobStore initialized.
16:19:22.305 [restartedMain] INFO  o.q.c.QuartzScheduler - [initialize,294] - Scheduler meta-data: Quartz Scheduler (v2.3.2) 'quartzScheduler' with instanceId 'NON_CLUSTERED'
  Scheduler class: 'org.quartz.core.QuartzScheduler' - running locally.
  NOT STARTED.
  Currently in standby mode.
  Number of jobs executed: 0
  Using thread pool 'org.quartz.simpl.SimpleThreadPool' - with 10 threads.
  Using job-store 'org.quartz.simpl.RAMJobStore' - which does not support persistence. and is not clustered.

16:19:22.305 [restartedMain] INFO  o.q.i.StdSchedulerFactory - [instantiate,1374] - Quartz scheduler 'quartzScheduler' initialized from an externally provided properties instance.
16:19:22.305 [restartedMain] INFO  o.q.i.StdSchedulerFactory - [instantiate,1378] - Quartz scheduler version: 2.3.2
16:19:22.305 [restartedMain] INFO  o.q.c.QuartzScheduler - [setJobFactory,2293] - JobFactory set to: org.springframework.scheduling.quartz.SpringBeanJobFactory@7ba4bccf
16:19:24.020 [restartedMain] INFO  o.a.c.h.Http11NioProtocol - [log,173] - Starting ProtocolHandler ["http-nio-8080"]
16:19:24.126 [restartedMain] INFO  o.q.c.QuartzScheduler - [start,547] - Scheduler quartzScheduler_$_NON_CLUSTERED started.
16:19:24.129 [restartedMain] INFO  c.r.RuoYiApplication - [logStarted,61] - Started RuoYiApplication in 4.336 seconds (JVM running for 6795.666)
16:19:29.611 [Thread-12] INFO  o.q.c.QuartzScheduler - [standby,585] - Scheduler quartzScheduler_$_NON_CLUSTERED paused.
16:19:31.244 [Thread-12] INFO  o.q.c.QuartzScheduler - [shutdown,666] - Scheduler quartzScheduler_$_NON_CLUSTERED shutting down.
16:19:31.244 [Thread-12] INFO  o.q.c.QuartzScheduler - [standby,585] - Scheduler quartzScheduler_$_NON_CLUSTERED paused.
16:19:31.244 [Thread-12] INFO  o.q.c.QuartzScheduler - [shutdown,740] - Scheduler quartzScheduler_$_NON_CLUSTERED shutdown complete.
16:19:31.244 [Thread-12] INFO  sys-user - [shutdownAsyncManager,31] - ====关闭后台任务任务线程池====
16:19:31.246 [Thread-12] INFO  c.a.d.p.DruidDataSource - [close,2204] - {dataSource-3} closing ...
16:19:31.248 [Thread-12] INFO  c.a.d.p.DruidDataSource - [close,2277] - {dataSource-3} closed
16:19:31.638 [restartedMain] INFO  c.r.RuoYiApplication - [logStarting,55] - Starting RuoYiApplication using Java 1.8.0_462 on poppis with PID 14288 (F:\wx\ruoyi-xm\ruoyi-vue-wxmini-main\ruoyi-admin\target\classes started by 32616 in F:\wx\ruoyi-xm)
16:19:31.639 [restartedMain] INFO  c.r.RuoYiApplication - [logStartupProfileInfo,686] - The following 1 profile is active: "druid"
16:19:32.955 [restartedMain] INFO  o.a.c.h.Http11NioProtocol - [log,173] - Initializing ProtocolHandler ["http-nio-8080"]
16:19:32.955 [restartedMain] INFO  o.a.c.c.StandardService - [log,173] - Starting service [Tomcat]
16:19:32.955 [restartedMain] INFO  o.a.c.c.StandardEngine - [log,173] - Starting Servlet engine: [Apache Tomcat/9.0.102]
16:19:32.977 [restartedMain] INFO  o.a.c.c.C.[.[.[/] - [log,173] - Initializing Spring embedded WebApplicationContext
16:19:33.419 [restartedMain] INFO  c.a.d.p.DruidDataSource - [init,1002] - {dataSource-4} inited
16:19:33.847 [restartedMain] INFO  c.r.c.c.r.RedisCache - [logLocalDisabledMode,470] - Redis 已禁用，当前使用本地内存缓存模式
16:19:34.432 [restartedMain] INFO  o.q.i.StdSchedulerFactory - [instantiate,1220] - Using default implementation for ThreadExecutor
16:19:34.432 [restartedMain] INFO  o.q.c.SchedulerSignalerImpl - [<init>,61] - Initialized Scheduler Signaller of type: class org.quartz.core.SchedulerSignalerImpl
16:19:34.432 [restartedMain] INFO  o.q.c.QuartzScheduler - [<init>,229] - Quartz Scheduler v.2.3.2 created.
16:19:34.432 [restartedMain] INFO  o.q.s.RAMJobStore - [initialize,155] - RAMJobStore initialized.
16:19:34.432 [restartedMain] INFO  o.q.c.QuartzScheduler - [initialize,294] - Scheduler meta-data: Quartz Scheduler (v2.3.2) 'quartzScheduler' with instanceId 'NON_CLUSTERED'
  Scheduler class: 'org.quartz.core.QuartzScheduler' - running locally.
  NOT STARTED.
  Currently in standby mode.
  Number of jobs executed: 0
  Using thread pool 'org.quartz.simpl.SimpleThreadPool' - with 10 threads.
  Using job-store 'org.quartz.simpl.RAMJobStore' - which does not support persistence. and is not clustered.

16:19:34.432 [restartedMain] INFO  o.q.i.StdSchedulerFactory - [instantiate,1374] - Quartz scheduler 'quartzScheduler' initialized from an externally provided properties instance.
16:19:34.432 [restartedMain] INFO  o.q.i.StdSchedulerFactory - [instantiate,1378] - Quartz scheduler version: 2.3.2
16:19:34.433 [restartedMain] INFO  o.q.c.QuartzScheduler - [setJobFactory,2293] - JobFactory set to: org.springframework.scheduling.quartz.SpringBeanJobFactory@36c849c2
16:19:36.283 [restartedMain] INFO  o.a.c.h.Http11NioProtocol - [log,173] - Starting ProtocolHandler ["http-nio-8080"]
16:19:36.381 [restartedMain] INFO  o.q.c.QuartzScheduler - [start,547] - Scheduler quartzScheduler_$_NON_CLUSTERED started.
16:19:36.387 [restartedMain] INFO  c.r.RuoYiApplication - [logStarted,61] - Started RuoYiApplication in 4.794 seconds (JVM running for 6807.924)
16:19:46.279 [http-nio-8080-exec-1] INFO  o.a.c.c.C.[.[.[/] - [log,173] - Initializing Spring DispatcherServlet 'dispatcherServlet'
16:20:00.008 [schedule-pool-1] INFO  c.r.m.f.t.SettlementTransferTask - [processWaitingTransfer,33] - T+1 自动打款任务开始执行
16:20:00.008 [schedule-pool-2] INFO  c.r.m.f.t.SettlementTransferTask - [processTimeoutTransfers,55] - 超时转账状态同步任务开始执行
16:20:00.020 [schedule-pool-1] INFO  c.r.m.f.t.SettlementTransferTask - [processWaitingTransfer,47] - T+1 自动打款任务执行完成
16:20:00.020 [schedule-pool-2] INFO  c.r.m.f.t.SettlementTransferTask - [processTimeoutTransfers,61] - 超时转账状态同步任务执行完成
16:20:32.066 [Thread-16] INFO  o.q.c.QuartzScheduler - [standby,585] - Scheduler quartzScheduler_$_NON_CLUSTERED paused.
16:20:33.919 [Thread-16] INFO  o.q.c.QuartzScheduler - [shutdown,666] - Scheduler quartzScheduler_$_NON_CLUSTERED shutting down.
16:20:33.920 [Thread-16] INFO  o.q.c.QuartzScheduler - [standby,585] - Scheduler quartzScheduler_$_NON_CLUSTERED paused.
16:20:33.920 [Thread-16] INFO  o.q.c.QuartzScheduler - [shutdown,740] - Scheduler quartzScheduler_$_NON_CLUSTERED shutdown complete.
16:20:33.920 [Thread-16] INFO  sys-user - [shutdownAsyncManager,31] - ====关闭后台任务任务线程池====
16:20:33.924 [Thread-16] INFO  c.a.d.p.DruidDataSource - [close,2204] - {dataSource-4} closing ...
16:20:33.926 [Thread-16] INFO  c.a.d.p.DruidDataSource - [close,2277] - {dataSource-4} closed
16:20:34.443 [restartedMain] INFO  c.r.RuoYiApplication - [logStarting,55] - Starting RuoYiApplication using Java 1.8.0_462 on poppis with PID 14288 (F:\wx\ruoyi-xm\ruoyi-vue-wxmini-main\ruoyi-admin\target\classes started by 32616 in F:\wx\ruoyi-xm)
16:20:34.443 [restartedMain] INFO  c.r.RuoYiApplication - [logStartupProfileInfo,686] - The following 1 profile is active: "druid"
16:20:39.726 [restartedMain] INFO  c.r.RuoYiApplication - [logStarting,55] - Starting RuoYiApplication using Java 1.8.0_462 on poppis with PID 14288 (F:\wx\ruoyi-xm\ruoyi-vue-wxmini-main\ruoyi-admin\target\classes started by 32616 in F:\wx\ruoyi-xm)
16:20:39.726 [restartedMain] INFO  c.r.RuoYiApplication - [logStartupProfileInfo,686] - The following 1 profile is active: "druid"
16:20:41.382 [restartedMain] INFO  c.r.RuoYiApplication - [logStarting,55] - Starting RuoYiApplication using Java 1.8.0_462 on poppis with PID 14288 (F:\wx\ruoyi-xm\ruoyi-vue-wxmini-main\ruoyi-admin\target\classes started by 32616 in F:\wx\ruoyi-xm)
16:20:41.383 [restartedMain] INFO  c.r.RuoYiApplication - [logStartupProfileInfo,686] - The following 1 profile is active: "druid"
16:20:42.773 [restartedMain] INFO  o.a.c.h.Http11NioProtocol - [log,173] - Initializing ProtocolHandler ["http-nio-8080"]
16:20:42.773 [restartedMain] INFO  o.a.c.c.StandardService - [log,173] - Starting service [Tomcat]
16:20:42.773 [restartedMain] INFO  o.a.c.c.StandardEngine - [log,173] - Starting Servlet engine: [Apache Tomcat/9.0.102]
16:20:42.800 [restartedMain] INFO  o.a.c.c.C.[.[.[/] - [log,173] - Initializing Spring embedded WebApplicationContext
16:20:42.833 [restartedMain] INFO  o.a.c.c.StandardService - [log,173] - Stopping service [Tomcat]
16:20:44.392 [restartedMain] INFO  c.r.RuoYiApplication - [logStarting,55] - Starting RuoYiApplication using Java 1.8.0_462 on poppis with PID 14288 (F:\wx\ruoyi-xm\ruoyi-vue-wxmini-main\ruoyi-admin\target\classes started by 32616 in F:\wx\ruoyi-xm)
16:20:44.392 [restartedMain] INFO  c.r.RuoYiApplication - [logStartupProfileInfo,686] - The following 1 profile is active: "druid"
16:21:10.894 [restartedMain] INFO  c.r.RuoYiApplication - [logStarting,55] - Starting RuoYiApplication using Java 1.8.0_462 on poppis with PID 14288 (F:\wx\ruoyi-xm\ruoyi-vue-wxmini-main\ruoyi-admin\target\classes started by 32616 in F:\wx\ruoyi-xm)
16:21:10.894 [restartedMain] INFO  c.r.RuoYiApplication - [logStartupProfileInfo,686] - The following 1 profile is active: "druid"
16:21:13.004 [restartedMain] INFO  c.r.RuoYiApplication - [logStarting,55] - Starting RuoYiApplication using Java 1.8.0_462 on poppis with PID 14288 (F:\wx\ruoyi-xm\ruoyi-vue-wxmini-main\ruoyi-admin\target\classes started by 32616 in F:\wx\ruoyi-xm)
16:21:13.004 [restartedMain] INFO  c.r.RuoYiApplication - [logStartupProfileInfo,686] - The following 1 profile is active: "druid"
16:21:14.277 [restartedMain] INFO  o.a.c.h.Http11NioProtocol - [log,173] - Initializing ProtocolHandler ["http-nio-8080"]
16:21:14.277 [restartedMain] INFO  o.a.c.c.StandardService - [log,173] - Starting service [Tomcat]
16:21:14.277 [restartedMain] INFO  o.a.c.c.StandardEngine - [log,173] - Starting Servlet engine: [Apache Tomcat/9.0.102]
16:21:14.296 [restartedMain] INFO  o.a.c.c.C.[.[.[/] - [log,173] - Initializing Spring embedded WebApplicationContext
16:21:14.704 [restartedMain] INFO  c.a.d.p.DruidDataSource - [init,1002] - {dataSource-5} inited
16:21:15.076 [restartedMain] INFO  c.r.c.c.r.RedisCache - [logLocalDisabledMode,470] - Redis 已禁用，当前使用本地内存缓存模式
16:21:15.612 [restartedMain] INFO  o.q.i.StdSchedulerFactory - [instantiate,1220] - Using default implementation for ThreadExecutor
16:21:15.613 [restartedMain] INFO  o.q.c.SchedulerSignalerImpl - [<init>,61] - Initialized Scheduler Signaller of type: class org.quartz.core.SchedulerSignalerImpl
16:21:15.613 [restartedMain] INFO  o.q.c.QuartzScheduler - [<init>,229] - Quartz Scheduler v.2.3.2 created.
16:21:15.614 [restartedMain] INFO  o.q.s.RAMJobStore - [initialize,155] - RAMJobStore initialized.
16:21:15.614 [restartedMain] INFO  o.q.c.QuartzScheduler - [initialize,294] - Scheduler meta-data: Quartz Scheduler (v2.3.2) 'quartzScheduler' with instanceId 'NON_CLUSTERED'
  Scheduler class: 'org.quartz.core.QuartzScheduler' - running locally.
  NOT STARTED.
  Currently in standby mode.
  Number of jobs executed: 0
  Using thread pool 'org.quartz.simpl.SimpleThreadPool' - with 10 threads.
  Using job-store 'org.quartz.simpl.RAMJobStore' - which does not support persistence. and is not clustered.

16:21:15.614 [restartedMain] INFO  o.q.i.StdSchedulerFactory - [instantiate,1374] - Quartz scheduler 'quartzScheduler' initialized from an externally provided properties instance.
16:21:15.614 [restartedMain] INFO  o.q.i.StdSchedulerFactory - [instantiate,1378] - Quartz scheduler version: 2.3.2
16:21:15.614 [restartedMain] INFO  o.q.c.QuartzScheduler - [setJobFactory,2293] - JobFactory set to: org.springframework.scheduling.quartz.SpringBeanJobFactory@44f30ab6
16:21:17.238 [restartedMain] INFO  o.a.c.h.Http11NioProtocol - [log,173] - Starting ProtocolHandler ["http-nio-8080"]
16:21:17.334 [restartedMain] INFO  o.q.c.QuartzScheduler - [start,547] - Scheduler quartzScheduler_$_NON_CLUSTERED started.
16:21:17.339 [restartedMain] INFO  c.r.RuoYiApplication - [logStarted,61] - Started RuoYiApplication in 4.38 seconds (JVM running for 6908.876)
16:21:37.389 [Thread-20] INFO  o.q.c.QuartzScheduler - [standby,585] - Scheduler quartzScheduler_$_NON_CLUSTERED paused.
16:21:39.713 [Thread-20] INFO  o.q.c.QuartzScheduler - [shutdown,666] - Scheduler quartzScheduler_$_NON_CLUSTERED shutting down.
16:21:39.713 [Thread-20] INFO  o.q.c.QuartzScheduler - [standby,585] - Scheduler quartzScheduler_$_NON_CLUSTERED paused.
16:21:39.713 [Thread-20] INFO  o.q.c.QuartzScheduler - [shutdown,740] - Scheduler quartzScheduler_$_NON_CLUSTERED shutdown complete.
16:21:39.714 [Thread-20] INFO  sys-user - [shutdownAsyncManager,31] - ====关闭后台任务任务线程池====
16:21:39.717 [Thread-20] INFO  c.a.d.p.DruidDataSource - [close,2204] - {dataSource-5} closing ...
16:21:39.719 [Thread-20] INFO  c.a.d.p.DruidDataSource - [close,2277] - {dataSource-5} closed
16:21:40.428 [restartedMain] INFO  c.r.RuoYiApplication - [logStarting,55] - Starting RuoYiApplication using Java 1.8.0_462 on poppis with PID 14288 (F:\wx\ruoyi-xm\ruoyi-vue-wxmini-main\ruoyi-admin\target\classes started by 32616 in F:\wx\ruoyi-xm)
16:21:40.428 [restartedMain] INFO  c.r.RuoYiApplication - [logStartupProfileInfo,686] - The following 1 profile is active: "druid"
16:21:44.006 [restartedMain] INFO  c.r.RuoYiApplication - [logStarting,55] - Starting RuoYiApplication using Java 1.8.0_462 on poppis with PID 14288 (F:\wx\ruoyi-xm\ruoyi-vue-wxmini-main\ruoyi-admin\target\classes started by 32616 in F:\wx\ruoyi-xm)
16:21:44.006 [restartedMain] INFO  c.r.RuoYiApplication - [logStartupProfileInfo,686] - The following 1 profile is active: "druid"
16:21:45.562 [restartedMain] INFO  o.a.c.h.Http11NioProtocol - [log,173] - Initializing ProtocolHandler ["http-nio-8080"]
16:21:45.562 [restartedMain] INFO  o.a.c.c.StandardService - [log,173] - Starting service [Tomcat]
16:21:45.562 [restartedMain] INFO  o.a.c.c.StandardEngine - [log,173] - Starting Servlet engine: [Apache Tomcat/9.0.102]
16:21:45.579 [restartedMain] INFO  o.a.c.c.C.[.[.[/] - [log,173] - Initializing Spring embedded WebApplicationContext
16:21:46.043 [restartedMain] INFO  c.a.d.p.DruidDataSource - [init,1002] - {dataSource-6} inited
16:21:46.523 [restartedMain] INFO  c.r.c.c.r.RedisCache - [logLocalDisabledMode,470] - Redis 已禁用，当前使用本地内存缓存模式
16:21:47.076 [restartedMain] INFO  o.q.i.StdSchedulerFactory - [instantiate,1220] - Using default implementation for ThreadExecutor
16:21:47.077 [restartedMain] INFO  o.q.c.SchedulerSignalerImpl - [<init>,61] - Initialized Scheduler Signaller of type: class org.quartz.core.SchedulerSignalerImpl
16:21:47.077 [restartedMain] INFO  o.q.c.QuartzScheduler - [<init>,229] - Quartz Scheduler v.2.3.2 created.
16:21:47.077 [restartedMain] INFO  o.q.s.RAMJobStore - [initialize,155] - RAMJobStore initialized.
16:21:47.077 [restartedMain] INFO  o.q.c.QuartzScheduler - [initialize,294] - Scheduler meta-data: Quartz Scheduler (v2.3.2) 'quartzScheduler' with instanceId 'NON_CLUSTERED'
  Scheduler class: 'org.quartz.core.QuartzScheduler' - running locally.
  NOT STARTED.
  Currently in standby mode.
  Number of jobs executed: 0
  Using thread pool 'org.quartz.simpl.SimpleThreadPool' - with 10 threads.
  Using job-store 'org.quartz.simpl.RAMJobStore' - which does not support persistence. and is not clustered.

16:21:47.078 [restartedMain] INFO  o.q.i.StdSchedulerFactory - [instantiate,1374] - Quartz scheduler 'quartzScheduler' initialized from an externally provided properties instance.
16:21:47.078 [restartedMain] INFO  o.q.i.StdSchedulerFactory - [instantiate,1378] - Quartz scheduler version: 2.3.2
16:21:47.078 [restartedMain] INFO  o.q.c.QuartzScheduler - [setJobFactory,2293] - JobFactory set to: org.springframework.scheduling.quartz.SpringBeanJobFactory@6f7c2b6a
16:21:48.963 [restartedMain] INFO  o.a.c.h.Http11NioProtocol - [log,173] - Starting ProtocolHandler ["http-nio-8080"]
16:21:49.043 [restartedMain] INFO  o.q.c.QuartzScheduler - [start,547] - Scheduler quartzScheduler_$_NON_CLUSTERED started.
16:21:49.048 [restartedMain] INFO  c.r.RuoYiApplication - [logStarted,61] - Started RuoYiApplication in 5.081 seconds (JVM running for 6940.585)
16:22:11.304 [Thread-35] INFO  o.q.c.QuartzScheduler - [standby,585] - Scheduler quartzScheduler_$_NON_CLUSTERED paused.
16:22:12.932 [Thread-35] INFO  o.q.c.QuartzScheduler - [shutdown,666] - Scheduler quartzScheduler_$_NON_CLUSTERED shutting down.
16:22:12.933 [Thread-35] INFO  o.q.c.QuartzScheduler - [standby,585] - Scheduler quartzScheduler_$_NON_CLUSTERED paused.
16:22:12.933 [Thread-35] INFO  o.q.c.QuartzScheduler - [shutdown,740] - Scheduler quartzScheduler_$_NON_CLUSTERED shutdown complete.
16:22:12.933 [Thread-35] INFO  sys-user - [shutdownAsyncManager,31] - ====关闭后台任务任务线程池====
16:22:12.936 [Thread-35] INFO  c.a.d.p.DruidDataSource - [close,2204] - {dataSource-6} closing ...
16:22:12.938 [Thread-35] INFO  c.a.d.p.DruidDataSource - [close,2277] - {dataSource-6} closed
16:22:13.407 [restartedMain] INFO  c.r.RuoYiApplication - [logStarting,55] - Starting RuoYiApplication using Java 1.8.0_462 on poppis with PID 14288 (F:\wx\ruoyi-xm\ruoyi-vue-wxmini-main\ruoyi-admin\target\classes started by 32616 in F:\wx\ruoyi-xm)
16:22:13.407 [restartedMain] INFO  c.r.RuoYiApplication - [logStartupProfileInfo,686] - The following 1 profile is active: "druid"
16:22:14.690 [restartedMain] INFO  o.a.c.h.Http11NioProtocol - [log,173] - Initializing ProtocolHandler ["http-nio-8080"]
16:22:14.691 [restartedMain] INFO  o.a.c.c.StandardService - [log,173] - Starting service [Tomcat]
16:22:14.691 [restartedMain] INFO  o.a.c.c.StandardEngine - [log,173] - Starting Servlet engine: [Apache Tomcat/9.0.102]
16:22:14.711 [restartedMain] INFO  o.a.c.c.C.[.[.[/] - [log,173] - Initializing Spring embedded WebApplicationContext
16:22:15.168 [restartedMain] INFO  c.a.d.p.DruidDataSource - [init,1002] - {dataSource-7} inited
16:22:15.557 [restartedMain] INFO  c.r.c.c.r.RedisCache - [logLocalDisabledMode,470] - Redis 已禁用，当前使用本地内存缓存模式
16:22:16.061 [restartedMain] INFO  o.q.i.StdSchedulerFactory - [instantiate,1220] - Using default implementation for ThreadExecutor
16:22:16.061 [restartedMain] INFO  o.q.c.SchedulerSignalerImpl - [<init>,61] - Initialized Scheduler Signaller of type: class org.quartz.core.SchedulerSignalerImpl
16:22:16.061 [restartedMain] INFO  o.q.c.QuartzScheduler - [<init>,229] - Quartz Scheduler v.2.3.2 created.
16:22:16.061 [restartedMain] INFO  o.q.s.RAMJobStore - [initialize,155] - RAMJobStore initialized.
16:22:16.062 [restartedMain] INFO  o.q.c.QuartzScheduler - [initialize,294] - Scheduler meta-data: Quartz Scheduler (v2.3.2) 'quartzScheduler' with instanceId 'NON_CLUSTERED'
  Scheduler class: 'org.quartz.core.QuartzScheduler' - running locally.
  NOT STARTED.
  Currently in standby mode.
  Number of jobs executed: 0
  Using thread pool 'org.quartz.simpl.SimpleThreadPool' - with 10 threads.
  Using job-store 'org.quartz.simpl.RAMJobStore' - which does not support persistence. and is not clustered.

16:22:16.062 [restartedMain] INFO  o.q.i.StdSchedulerFactory - [instantiate,1374] - Quartz scheduler 'quartzScheduler' initialized from an externally provided properties instance.
16:22:16.062 [restartedMain] INFO  o.q.i.StdSchedulerFactory - [instantiate,1378] - Quartz scheduler version: 2.3.2
16:22:16.062 [restartedMain] INFO  o.q.c.QuartzScheduler - [setJobFactory,2293] - JobFactory set to: org.springframework.scheduling.quartz.SpringBeanJobFactory@253f9d84
16:22:17.879 [restartedMain] INFO  o.a.c.h.Http11NioProtocol - [log,173] - Starting ProtocolHandler ["http-nio-8080"]
16:22:17.949 [restartedMain] INFO  o.q.c.QuartzScheduler - [start,547] - Scheduler quartzScheduler_$_NON_CLUSTERED started.
16:22:17.954 [restartedMain] INFO  c.r.RuoYiApplication - [logStarted,61] - Started RuoYiApplication in 4.591 seconds (JVM running for 6969.491)
16:25:00.016 [schedule-pool-1] INFO  c.r.m.f.t.SettlementTransferTask - [processWaitingTransfer,33] - T+1 自动打款任务开始执行
16:25:00.027 [schedule-pool-1] INFO  c.r.m.f.t.SettlementTransferTask - [processWaitingTransfer,47] - T+1 自动打款任务执行完成
16:30:00.008 [schedule-pool-3] INFO  c.r.m.f.t.SettlementTransferTask - [processWaitingTransfer,33] - T+1 自动打款任务开始执行
16:30:00.008 [schedule-pool-2] INFO  c.r.m.f.t.SettlementTransferTask - [processTimeoutTransfers,55] - 超时转账状态同步任务开始执行
16:30:00.016 [schedule-pool-3] INFO  c.r.m.f.t.SettlementTransferTask - [processWaitingTransfer,47] - T+1 自动打款任务执行完成
16:30:00.037 [schedule-pool-2] INFO  c.r.m.f.t.SettlementTransferTask - [processTimeoutTransfers,61] - 超时转账状态同步任务执行完成
16:33:40.443 [Thread-41] INFO  o.q.c.QuartzScheduler - [standby,585] - Scheduler quartzScheduler_$_NON_CLUSTERED paused.
16:33:42.362 [Thread-41] INFO  o.q.c.QuartzScheduler - [shutdown,666] - Scheduler quartzScheduler_$_NON_CLUSTERED shutting down.
16:33:42.362 [Thread-41] INFO  o.q.c.QuartzScheduler - [standby,585] - Scheduler quartzScheduler_$_NON_CLUSTERED paused.
16:33:42.363 [Thread-41] INFO  o.q.c.QuartzScheduler - [shutdown,740] - Scheduler quartzScheduler_$_NON_CLUSTERED shutdown complete.
16:33:42.363 [Thread-41] INFO  sys-user - [shutdownAsyncManager,31] - ====关闭后台任务任务线程池====
16:33:42.366 [Thread-41] INFO  c.a.d.p.DruidDataSource - [close,2204] - {dataSource-7} closing ...
16:33:42.368 [Thread-41] INFO  c.a.d.p.DruidDataSource - [close,2277] - {dataSource-7} closed
16:33:42.853 [restartedMain] INFO  c.r.RuoYiApplication - [logStarting,55] - Starting RuoYiApplication using Java 1.8.0_462 on poppis with PID 14288 (F:\wx\ruoyi-xm\ruoyi-vue-wxmini-main\ruoyi-admin\target\classes started by 32616 in F:\wx\ruoyi-xm)
16:33:42.853 [restartedMain] INFO  c.r.RuoYiApplication - [logStartupProfileInfo,686] - The following 1 profile is active: "druid"
16:33:44.864 [restartedMain] INFO  o.a.c.h.Http11NioProtocol - [log,173] - Initializing ProtocolHandler ["http-nio-8080"]
16:33:44.864 [restartedMain] INFO  o.a.c.c.StandardService - [log,173] - Starting service [Tomcat]
16:33:44.864 [restartedMain] INFO  o.a.c.c.StandardEngine - [log,173] - Starting Servlet engine: [Apache Tomcat/9.0.102]
16:33:44.892 [restartedMain] INFO  o.a.c.c.C.[.[.[/] - [log,173] - Initializing Spring embedded WebApplicationContext
16:33:45.453 [restartedMain] INFO  c.a.d.p.DruidDataSource - [init,1002] - {dataSource-8} inited
16:33:45.931 [restartedMain] INFO  c.r.c.c.r.RedisCache - [logLocalDisabledMode,470] - Redis 已禁用，当前使用本地内存缓存模式
16:33:46.521 [restartedMain] INFO  o.q.i.StdSchedulerFactory - [instantiate,1220] - Using default implementation for ThreadExecutor
16:33:46.522 [restartedMain] INFO  o.q.c.SchedulerSignalerImpl - [<init>,61] - Initialized Scheduler Signaller of type: class org.quartz.core.SchedulerSignalerImpl
16:33:46.522 [restartedMain] INFO  o.q.c.QuartzScheduler - [<init>,229] - Quartz Scheduler v.2.3.2 created.
16:33:46.522 [restartedMain] INFO  o.q.s.RAMJobStore - [initialize,155] - RAMJobStore initialized.
16:33:46.523 [restartedMain] INFO  o.q.c.QuartzScheduler - [initialize,294] - Scheduler meta-data: Quartz Scheduler (v2.3.2) 'quartzScheduler' with instanceId 'NON_CLUSTERED'
  Scheduler class: 'org.quartz.core.QuartzScheduler' - running locally.
  NOT STARTED.
  Currently in standby mode.
  Number of jobs executed: 0
  Using thread pool 'org.quartz.simpl.SimpleThreadPool' - with 10 threads.
  Using job-store 'org.quartz.simpl.RAMJobStore' - which does not support persistence. and is not clustered.

16:33:46.523 [restartedMain] INFO  o.q.i.StdSchedulerFactory - [instantiate,1374] - Quartz scheduler 'quartzScheduler' initialized from an externally provided properties instance.
16:33:46.523 [restartedMain] INFO  o.q.i.StdSchedulerFactory - [instantiate,1378] - Quartz scheduler version: 2.3.2
16:33:46.523 [restartedMain] INFO  o.q.c.QuartzScheduler - [setJobFactory,2293] - JobFactory set to: org.springframework.scheduling.quartz.SpringBeanJobFactory@8a9ae4a
16:33:48.568 [restartedMain] INFO  o.a.c.h.Http11NioProtocol - [log,173] - Starting ProtocolHandler ["http-nio-8080"]
16:33:48.671 [restartedMain] INFO  o.q.c.QuartzScheduler - [start,547] - Scheduler quartzScheduler_$_NON_CLUSTERED started.
16:33:48.676 [restartedMain] INFO  c.r.RuoYiApplication - [logStarted,61] - Started RuoYiApplication in 5.905 seconds (JVM running for 7660.214)
16:34:03.038 [http-nio-8080-exec-1] INFO  o.a.c.c.C.[.[.[/] - [log,173] - Initializing Spring DispatcherServlet 'dispatcherServlet'
16:35:00.015 [schedule-pool-1] INFO  c.r.m.f.t.SettlementTransferTask - [processWaitingTransfer,33] - T+1 自动打款任务开始执行
16:35:00.022 [schedule-pool-1] INFO  c.r.m.f.t.SettlementTransferTask - [processWaitingTransfer,47] - T+1 自动打款任务执行完成
16:40:00.012 [schedule-pool-3] INFO  c.r.m.f.t.SettlementTransferTask - [processWaitingTransfer,33] - T+1 自动打款任务开始执行
16:40:00.012 [schedule-pool-2] INFO  c.r.m.f.t.SettlementTransferTask - [processTimeoutTransfers,55] - 超时转账状态同步任务开始执行
16:40:00.020 [schedule-pool-3] INFO  c.r.m.f.t.SettlementTransferTask - [processWaitingTransfer,47] - T+1 自动打款任务执行完成
16:40:00.033 [schedule-pool-2] INFO  c.r.m.f.t.SettlementTransferTask - [processTimeoutTransfers,61] - 超时转账状态同步任务执行完成
16:45:00.014 [schedule-pool-1] INFO  c.r.m.f.t.SettlementTransferTask - [processWaitingTransfer,33] - T+1 自动打款任务开始执行
16:45:00.019 [schedule-pool-1] INFO  c.r.m.f.t.SettlementTransferTask - [processWaitingTransfer,47] - T+1 自动打款任务执行完成
16:50:00.012 [schedule-pool-3] INFO  c.r.m.f.t.SettlementTransferTask - [processWaitingTransfer,33] - T+1 自动打款任务开始执行
16:50:00.012 [schedule-pool-4] INFO  c.r.m.f.t.SettlementTransferTask - [processTimeoutTransfers,55] - 超时转账状态同步任务开始执行
16:50:00.019 [schedule-pool-3] INFO  c.r.m.f.t.SettlementTransferTask - [processWaitingTransfer,47] - T+1 自动打款任务执行完成
16:50:00.019 [schedule-pool-4] INFO  c.r.m.f.t.SettlementTransferTask - [processTimeoutTransfers,61] - 超时转账状态同步任务执行完成
16:55:00.007 [schedule-pool-2] INFO  c.r.m.f.t.SettlementTransferTask - [processWaitingTransfer,33] - T+1 自动打款任务开始执行
16:55:00.012 [schedule-pool-2] INFO  c.r.m.f.t.SettlementTransferTask - [processWaitingTransfer,47] - T+1 自动打款任务执行完成
17:00:00.012 [schedule-pool-1] INFO  c.r.m.f.t.SettlementTransferTask - [processWaitingTransfer,33] - T+1 自动打款任务开始执行
17:00:00.012 [schedule-pool-5] INFO  c.r.m.f.t.SettlementTransferTask - [processTimeoutTransfers,55] - 超时转账状态同步任务开始执行
17:00:00.016 [schedule-pool-1] INFO  c.r.m.f.t.SettlementTransferTask - [processWaitingTransfer,47] - T+1 自动打款任务执行完成
17:00:00.019 [schedule-pool-5] INFO  c.r.m.f.t.SettlementTransferTask - [processTimeoutTransfers,61] - 超时转账状态同步任务执行完成
17:05:00.002 [schedule-pool-6] INFO  c.r.m.f.t.SettlementTransferTask - [processWaitingTransfer,33] - T+1 自动打款任务开始执行
17:05:00.006 [schedule-pool-6] INFO  c.r.m.f.t.SettlementTransferTask - [processWaitingTransfer,47] - T+1 自动打款任务执行完成
17:10:00.000 [schedule-pool-3] INFO  c.r.m.f.t.SettlementTransferTask - [processTimeoutTransfers,55] - 超时转账状态同步任务开始执行
17:10:00.000 [schedule-pool-7] INFO  c.r.m.f.t.SettlementTransferTask - [processWaitingTransfer,33] - T+1 自动打款任务开始执行
17:10:00.006 [schedule-pool-7] INFO  c.r.m.f.t.SettlementTransferTask - [processWaitingTransfer,47] - T+1 自动打款任务执行完成
17:10:00.007 [schedule-pool-3] INFO  c.r.m.f.t.SettlementTransferTask - [processTimeoutTransfers,61] - 超时转账状态同步任务执行完成
17:10:23.447 [Thread-45] INFO  o.q.c.QuartzScheduler - [standby,585] - Scheduler quartzScheduler_$_NON_CLUSTERED paused.
17:10:25.334 [Thread-45] INFO  o.q.c.QuartzScheduler - [shutdown,666] - Scheduler quartzScheduler_$_NON_CLUSTERED shutting down.
17:10:25.334 [Thread-45] INFO  o.q.c.QuartzScheduler - [standby,585] - Scheduler quartzScheduler_$_NON_CLUSTERED paused.
17:10:25.335 [Thread-45] INFO  o.q.c.QuartzScheduler - [shutdown,740] - Scheduler quartzScheduler_$_NON_CLUSTERED shutdown complete.
17:10:25.335 [Thread-45] INFO  sys-user - [shutdownAsyncManager,31] - ====关闭后台任务任务线程池====
17:10:25.347 [Thread-45] INFO  c.a.d.p.DruidDataSource - [close,2204] - {dataSource-8} closing ...
17:10:25.348 [Thread-45] INFO  c.a.d.p.DruidDataSource - [close,2277] - {dataSource-8} closed
17:10:26.305 [restartedMain] INFO  c.r.RuoYiApplication - [logStarting,55] - Starting RuoYiApplication using Java 1.8.0_462 on poppis with PID 14288 (F:\wx\ruoyi-xm\ruoyi-vue-wxmini-main\ruoyi-admin\target\classes started by 32616 in F:\wx\ruoyi-xm)
17:10:26.305 [restartedMain] INFO  c.r.RuoYiApplication - [logStartupProfileInfo,686] - The following 1 profile is active: "druid"
17:10:28.056 [restartedMain] INFO  o.a.c.h.Http11NioProtocol - [log,173] - Initializing ProtocolHandler ["http-nio-8080"]
17:10:28.057 [restartedMain] INFO  o.a.c.c.StandardService - [log,173] - Starting service [Tomcat]
17:10:28.057 [restartedMain] INFO  o.a.c.c.StandardEngine - [log,173] - Starting Servlet engine: [Apache Tomcat/9.0.102]
17:10:28.082 [restartedMain] INFO  o.a.c.c.C.[.[.[/] - [log,173] - Initializing Spring embedded WebApplicationContext
17:10:28.558 [restartedMain] INFO  c.a.d.p.DruidDataSource - [init,1002] - {dataSource-9} inited
17:10:28.996 [restartedMain] INFO  c.r.c.c.r.RedisCache - [logLocalDisabledMode,470] - Redis 已禁用，当前使用本地内存缓存模式
17:10:29.616 [restartedMain] INFO  o.q.i.StdSchedulerFactory - [instantiate,1220] - Using default implementation for ThreadExecutor
17:10:29.616 [restartedMain] INFO  o.q.c.SchedulerSignalerImpl - [<init>,61] - Initialized Scheduler Signaller of type: class org.quartz.core.SchedulerSignalerImpl
17:10:29.616 [restartedMain] INFO  o.q.c.QuartzScheduler - [<init>,229] - Quartz Scheduler v.2.3.2 created.
17:10:29.618 [restartedMain] INFO  o.q.s.RAMJobStore - [initialize,155] - RAMJobStore initialized.
17:10:29.618 [restartedMain] INFO  o.q.c.QuartzScheduler - [initialize,294] - Scheduler meta-data: Quartz Scheduler (v2.3.2) 'quartzScheduler' with instanceId 'NON_CLUSTERED'
  Scheduler class: 'org.quartz.core.QuartzScheduler' - running locally.
  NOT STARTED.
  Currently in standby mode.
  Number of jobs executed: 0
  Using thread pool 'org.quartz.simpl.SimpleThreadPool' - with 10 threads.
  Using job-store 'org.quartz.simpl.RAMJobStore' - which does not support persistence. and is not clustered.

17:10:29.618 [restartedMain] INFO  o.q.i.StdSchedulerFactory - [instantiate,1374] - Quartz scheduler 'quartzScheduler' initialized from an externally provided properties instance.
17:10:29.618 [restartedMain] INFO  o.q.i.StdSchedulerFactory - [instantiate,1378] - Quartz scheduler version: 2.3.2
17:10:29.618 [restartedMain] INFO  o.q.c.QuartzScheduler - [setJobFactory,2293] - JobFactory set to: org.springframework.scheduling.quartz.SpringBeanJobFactory@55824962
17:10:32.048 [restartedMain] INFO  o.a.c.h.Http11NioProtocol - [log,173] - Starting ProtocolHandler ["http-nio-8080"]
17:10:32.150 [restartedMain] INFO  o.q.c.QuartzScheduler - [start,547] - Scheduler quartzScheduler_$_NON_CLUSTERED started.
17:10:32.157 [restartedMain] INFO  c.r.RuoYiApplication - [logStarted,61] - Started RuoYiApplication in 5.911 seconds (JVM running for 9863.694)
17:11:21.570 [http-nio-8080-exec-1] INFO  o.a.c.c.C.[.[.[/] - [log,173] - Initializing Spring DispatcherServlet 'dispatcherServlet'
17:11:34.106 [Thread-49] INFO  o.q.c.QuartzScheduler - [standby,585] - Scheduler quartzScheduler_$_NON_CLUSTERED paused.
17:11:36.514 [Thread-49] INFO  o.q.c.QuartzScheduler - [shutdown,666] - Scheduler quartzScheduler_$_NON_CLUSTERED shutting down.
17:11:36.514 [Thread-49] INFO  o.q.c.QuartzScheduler - [standby,585] - Scheduler quartzScheduler_$_NON_CLUSTERED paused.
17:11:36.514 [Thread-49] INFO  o.q.c.QuartzScheduler - [shutdown,740] - Scheduler quartzScheduler_$_NON_CLUSTERED shutdown complete.
17:11:36.514 [Thread-49] INFO  sys-user - [shutdownAsyncManager,31] - ====关闭后台任务任务线程池====
17:11:36.517 [Thread-49] INFO  c.a.d.p.DruidDataSource - [close,2204] - {dataSource-9} closing ...
17:11:36.519 [Thread-49] INFO  c.a.d.p.DruidDataSource - [close,2277] - {dataSource-9} closed
17:11:37.459 [restartedMain] INFO  c.r.RuoYiApplication - [logStarting,55] - Starting RuoYiApplication using Java 1.8.0_462 on poppis with PID 14288 (F:\wx\ruoyi-xm\ruoyi-vue-wxmini-main\ruoyi-admin\target\classes started by 32616 in F:\wx\ruoyi-xm)
17:11:37.460 [restartedMain] INFO  c.r.RuoYiApplication - [logStartupProfileInfo,686] - The following 1 profile is active: "druid"
17:11:41.262 [restartedMain] INFO  c.r.RuoYiApplication - [logStarting,55] - Starting RuoYiApplication using Java 1.8.0_462 on poppis with PID 14288 (F:\wx\ruoyi-xm\ruoyi-vue-wxmini-main\ruoyi-admin\target\classes started by 32616 in F:\wx\ruoyi-xm)
17:11:41.263 [restartedMain] INFO  c.r.RuoYiApplication - [logStartupProfileInfo,686] - The following 1 profile is active: "druid"
17:11:42.771 [restartedMain] INFO  o.a.c.h.Http11NioProtocol - [log,173] - Initializing ProtocolHandler ["http-nio-8080"]
17:11:42.771 [restartedMain] INFO  o.a.c.c.StandardService - [log,173] - Starting service [Tomcat]
17:11:42.772 [restartedMain] INFO  o.a.c.c.StandardEngine - [log,173] - Starting Servlet engine: [Apache Tomcat/9.0.102]
17:11:42.790 [restartedMain] INFO  o.a.c.c.C.[.[.[/] - [log,173] - Initializing Spring embedded WebApplicationContext
17:11:43.335 [restartedMain] INFO  c.a.d.p.DruidDataSource - [init,1002] - {dataSource-10} inited
17:11:43.793 [restartedMain] INFO  c.r.c.c.r.RedisCache - [logLocalDisabledMode,470] - Redis 已禁用，当前使用本地内存缓存模式
17:11:44.326 [restartedMain] INFO  o.q.i.StdSchedulerFactory - [instantiate,1220] - Using default implementation for ThreadExecutor
17:11:44.327 [restartedMain] INFO  o.q.c.SchedulerSignalerImpl - [<init>,61] - Initialized Scheduler Signaller of type: class org.quartz.core.SchedulerSignalerImpl
17:11:44.327 [restartedMain] INFO  o.q.c.QuartzScheduler - [<init>,229] - Quartz Scheduler v.2.3.2 created.
17:11:44.327 [restartedMain] INFO  o.q.s.RAMJobStore - [initialize,155] - RAMJobStore initialized.
17:11:44.327 [restartedMain] INFO  o.q.c.QuartzScheduler - [initialize,294] - Scheduler meta-data: Quartz Scheduler (v2.3.2) 'quartzScheduler' with instanceId 'NON_CLUSTERED'
  Scheduler class: 'org.quartz.core.QuartzScheduler' - running locally.
  NOT STARTED.
  Currently in standby mode.
  Number of jobs executed: 0
  Using thread pool 'org.quartz.simpl.SimpleThreadPool' - with 10 threads.
  Using job-store 'org.quartz.simpl.RAMJobStore' - which does not support persistence. and is not clustered.

17:11:44.327 [restartedMain] INFO  o.q.i.StdSchedulerFactory - [instantiate,1374] - Quartz scheduler 'quartzScheduler' initialized from an externally provided properties instance.
17:11:44.327 [restartedMain] INFO  o.q.i.StdSchedulerFactory - [instantiate,1378] - Quartz scheduler version: 2.3.2
17:11:44.327 [restartedMain] INFO  o.q.c.QuartzScheduler - [setJobFactory,2293] - JobFactory set to: org.springframework.scheduling.quartz.SpringBeanJobFactory@1e9b978c
17:11:46.211 [restartedMain] INFO  o.a.c.h.Http11NioProtocol - [log,173] - Starting ProtocolHandler ["http-nio-8080"]
17:11:46.316 [restartedMain] INFO  o.q.c.QuartzScheduler - [start,547] - Scheduler quartzScheduler_$_NON_CLUSTERED started.
17:11:46.322 [restartedMain] INFO  c.r.RuoYiApplication - [logStarted,61] - Started RuoYiApplication in 5.124 seconds (JVM running for 9937.858)
17:13:15.992 [http-nio-8080-exec-1] INFO  o.a.c.c.C.[.[.[/] - [log,173] - Initializing Spring DispatcherServlet 'dispatcherServlet'
17:15:00.001 [schedule-pool-1] INFO  c.r.m.f.t.SettlementTransferTask - [processWaitingTransfer,33] - T+1 自动打款任务开始执行
17:15:00.009 [schedule-pool-1] INFO  c.r.m.f.t.SettlementTransferTask - [processWaitingTransfer,47] - T+1 自动打款任务执行完成
17:20:00.003 [schedule-pool-3] INFO  c.r.m.f.t.SettlementTransferTask - [processTimeoutTransfers,55] - 超时转账状态同步任务开始执行
17:20:00.003 [schedule-pool-2] INFO  c.r.m.f.t.SettlementTransferTask - [processWaitingTransfer,33] - T+1 自动打款任务开始执行
17:20:00.007 [schedule-pool-2] INFO  c.r.m.f.t.SettlementTransferTask - [processWaitingTransfer,47] - T+1 自动打款任务执行完成
17:20:00.032 [schedule-pool-3] INFO  c.r.m.f.t.SettlementTransferTask - [processTimeoutTransfers,61] - 超时转账状态同步任务执行完成
17:25:00.003 [schedule-pool-1] INFO  c.r.m.f.t.SettlementTransferTask - [processWaitingTransfer,33] - T+1 自动打款任务开始执行
17:25:00.017 [schedule-pool-1] INFO  c.r.m.f.t.SettlementTransferTask - [processWaitingTransfer,47] - T+1 自动打款任务执行完成
17:26:11.102 [SpringApplicationShutdownHook] INFO  o.q.c.QuartzScheduler - [standby,585] - Scheduler quartzScheduler_$_NON_CLUSTERED paused.
17:26:12.273 [SpringApplicationShutdownHook] INFO  o.q.c.QuartzScheduler - [shutdown,666] - Scheduler quartzScheduler_$_NON_CLUSTERED shutting down.
17:26:12.274 [SpringApplicationShutdownHook] INFO  o.q.c.QuartzScheduler - [standby,585] - Scheduler quartzScheduler_$_NON_CLUSTERED paused.
17:26:12.275 [SpringApplicationShutdownHook] INFO  o.q.c.QuartzScheduler - [shutdown,740] - Scheduler quartzScheduler_$_NON_CLUSTERED shutdown complete.
17:26:12.275 [SpringApplicationShutdownHook] INFO  sys-user - [shutdownAsyncManager,31] - ====关闭后台任务任务线程池====
17:26:12.282 [SpringApplicationShutdownHook] INFO  c.a.d.p.DruidDataSource - [close,2204] - {dataSource-10} closing ...
17:26:12.285 [SpringApplicationShutdownHook] INFO  c.a.d.p.DruidDataSource - [close,2277] - {dataSource-10} closed
